Archive member included to satisfy reference by file (symbol)

contiki-srf06-cc26xx.a(contiki-main.o)
                              obj_srf06-cc26xx/startup_gcc.o (main)
contiki-srf06-cc26xx.a(sensors.o)
                              contiki-srf06-cc26xx.a(contiki-main.o) (sensors_process)
contiki-srf06-cc26xx.a(leds.o)
                              contiki-srf06-cc26xx.a(contiki-main.o) (leds_init)
contiki-srf06-cc26xx.a(board.o)
                              contiki-srf06-cc26xx.a(contiki-main.o) (board_init)
contiki-srf06-cc26xx.a(launchpad-senso)
                              contiki-srf06-cc26xx.a(sensors.o) (sensors_flags)
contiki-srf06-cc26xx.a(leds-arch.o)
                              contiki-srf06-cc26xx.a(leds.o) (leds_arch_init)
contiki-srf06-cc26xx.a(button-sensor.o)
                              contiki-srf06-cc26xx.a(launchpad-senso) (button_right_sensor)
contiki-srf06-cc26xx.a(ext-flash.o)
                              contiki-srf06-cc26xx.a(board.o) (ext_flash_init)
contiki-srf06-cc26xx.a(board-spi.o)
                              contiki-srf06-cc26xx.a(ext-flash.o) (board_spi_write)
contiki-srf06-cc26xx.a(prop-mode.o)
                              contiki-srf06-cc26xx.a(contiki-main.o) (prop_mode_driver)
contiki-srf06-cc26xx.a(clock.o)
                              contiki-srf06-cc26xx.a(contiki-main.o) (clock_init)
contiki-srf06-cc26xx.a(rtimer-arch.o)
                              contiki-srf06-cc26xx.a(prop-mode.o) (rtimer_arch_now)
contiki-srf06-cc26xx.a(soc-rtc.o)
                              contiki-srf06-cc26xx.a(contiki-main.o) (soc_rtc_init)
contiki-srf06-cc26xx.a(contiki-watchdo)
                              contiki-srf06-cc26xx.a(contiki-main.o) (watchdog_init)
contiki-srf06-cc26xx.a(putchar.o)
                              contiki-srf06-cc26xx.a(contiki-main.o) (putchar)
contiki-srf06-cc26xx.a(ieee-addr.o)
                              contiki-srf06-cc26xx.a(contiki-main.o) (ieee_addr_cpy_to)
contiki-srf06-cc26xx.a(cc26xx-uart.o)
                              contiki-srf06-cc26xx.a(contiki-main.o) (cc26xx_uart_init)
contiki-srf06-cc26xx.a(lpm.o)
                              contiki-srf06-cc26xx.a(button-sensor.o) (lpm_shutdown)
contiki-srf06-cc26xx.a(gpio-interrupt.)
                              contiki-srf06-cc26xx.a(button-sensor.o) (gpio_interrupt_register_handler)
contiki-srf06-cc26xx.a(oscillators.o)
                              contiki-srf06-cc26xx.a(contiki-main.o) (oscillators_select_lf_xosc)
contiki-srf06-cc26xx.a(rf-core.o)
                              contiki-srf06-cc26xx.a(prop-mode.o) (rf_core_is_accessible)
contiki-srf06-cc26xx.a(rf-ble.o)
                              contiki-srf06-cc26xx.a(prop-mode.o) (rf_ble_is_active)
contiki-srf06-cc26xx.a(random.o)
                              contiki-srf06-cc26xx.a(contiki-main.o) (random_init)
contiki-srf06-cc26xx.a(soc-trng.o)
                              contiki-srf06-cc26xx.a(random.o) (soc_trng_rand_synchronous)
contiki-srf06-cc26xx.a(dbg-printf.o)
                              contiki-srf06-cc26xx.a(contiki-main.o) (printf)
contiki-srf06-cc26xx.a(strformat.o)
                              contiki-srf06-cc26xx.a(dbg-printf.o) (format_str_v)
contiki-srf06-cc26xx.a(autostart.o)
                              contiki-srf06-cc26xx.a(contiki-main.o) (autostart_start)
contiki-srf06-cc26xx.a(ctimer.o)
                              contiki-srf06-cc26xx.a(contiki-main.o) (ctimer_init)
contiki-srf06-cc26xx.a(energest.o)
                              contiki-srf06-cc26xx.a(contiki-main.o) (energest_init)
contiki-srf06-cc26xx.a(etimer.o)
                              contiki-srf06-cc26xx.a(clock.o) (etimer_request_poll)
contiki-srf06-cc26xx.a(process.o)
                              contiki-srf06-cc26xx.a(sensors.o) (process_alloc_event)
contiki-srf06-cc26xx.a(rtimer.o)
                              contiki-srf06-cc26xx.a(contiki-main.o) (rtimer_init)
contiki-srf06-cc26xx.a(timer.o)
                              contiki-srf06-cc26xx.a(button-sensor.o) (timer_set)
contiki-srf06-cc26xx.a(serial-line.o)
                              contiki-srf06-cc26xx.a(contiki-main.o) (serial_line_init)
contiki-srf06-cc26xx.a(list.o)
                              contiki-srf06-cc26xx.a(lpm.o) (list_init)
contiki-srf06-cc26xx.a(ringbuf.o)
                              contiki-srf06-cc26xx.a(serial-line.o) (ringbuf_init)
contiki-srf06-cc26xx.a(sicslowpan.o)
                              contiki-srf06-cc26xx.a(contiki-main.o) (sicslowpan_driver)
contiki-srf06-cc26xx.a(uip6.o)
                              contiki-srf06-cc26xx.a(sicslowpan.o) (uip_aligned_buf)
contiki-srf06-cc26xx.a(uip-ds6.o)
                              contiki-srf06-cc26xx.a(uip6.o) (uip_ds6_is_addr_onlink)
contiki-srf06-cc26xx.a(uip-ds6-nbr.o)
                              contiki-srf06-cc26xx.a(uip-ds6.o) (uip_ds6_neighbors_init)
contiki-srf06-cc26xx.a(uip-ds6-route.o)
                              contiki-srf06-cc26xx.a(uip-ds6.o) (uip_ds6_route_init)
[...]
Memory Configuration

Name             Origin             Length             Attributes
FLASH            0x00000000         0x0001ffa8         xr
FLASH_CCFG       0x0001ffa8         0x00000058         xr
SRAM             0x20000000         0x00005000         xrw
GPRAM            0x11000000         0x00002000         xrw
*default*        0x00000000         0xffffffff

Linker script and memory map

LOAD obj_srf06-cc26xx/fault-handlers.o
LOAD obj_srf06-cc26xx/ccfg.o
LOAD obj_srf06-cc26xx/startup_gcc.o
LOAD hello_world_blinkled.co
LOAD contiki-srf06-cc26xx.a
LOAD /opt/gcc-arm-none-eabi-5_2-2015q4/bin/../lib/gcc/arm-none-eabi/5.2.1/../../../../arm-none-eabi/lib/armv7-m/libm.a
START GROUP
LOAD /opt/gcc-arm-none-eabi-5_2-2015q4/bin/../lib/gcc/arm-none-eabi/5.2.1/armv7-m/libgcc.a
LOAD /opt/gcc-arm-none-eabi-5_2-2015q4/bin/../lib/gcc/arm-none-eabi/5.2.1/../../../../arm-none-eabi/lib/armv7-m/libc.a
END GROUP
                0x20005000                _estack = (ORIGIN (SRAM) + LENGTH (SRAM))
                0x00000000                _Min_Heap_Size = 0x0
                0x00000100                _Min_Stack_Size = 0x100

.text           0x00000000     0xe44c
                0x00000000                _text = .
 *(SORT(.vectors))
 .vectors       0x00000000       0xc8 obj_srf06-cc26xx/startup_gcc.o
                0x00000000                g_pfnVectors
 *(SORT(.text*))
 .text.FaultISR
                0x000000c8       0x18 obj_srf06-cc26xx/fault-handlers.o
                0x000000c8                FaultISR
 .text.NmiSRHandler
                0x000000e0        0x4 obj_srf06-cc26xx/startup_gcc.o
                0x000000e0                NmiSR
 .text.IntDefaultHandler
                0x000000e4        0x4 obj_srf06-cc26xx/startup_gcc.o
                0x000000e4                SSI0IntHandler
                0x000000e4                SWEvent0IntHandler
                0x000000e4                uDMAIntHandler
                0x000000e4                WatchdogIntHandler
                0x000000e4                RFCHardwareIntHandler
                0x000000e4                Timer1BIntHandler
                0x000000e4                I2SIntHandler
                0x000000e4                Timer2BIntHandler
                0x000000e4                Timer2AIntHandler
                0x000000e4                Timer1AIntHandler
                0x000000e4                AONIntHandler
                0x000000e4                AUXSWEvent0IntHandler
                0x000000e4                AUXADCIntHandler
                0x000000e4                PendSVIntHandler
                0x000000e4                AUXSWEvent1IntHandler
                0x000000e4                SVCallIntHandler
                0x000000e4                MPUFaultIntHandler
                0x000000e4                SysTickIntHandler
                0x000000e4                BusFaultIntHandler
                0x000000e4                AONProgIntHandler
                0x000000e4                AUXCompAIntHandler
                0x000000e4                SSI1IntHandler
                0x000000e4                FlashIntHandler
                0x000000e4                uDMAErrIntHandler
                0x000000e4                UsageFaultIntHandler
                0x000000e4                RFCCmdAckIntHandler
                0x000000e4                CryptoIntHandler
                0x000000e4                Timer0AIntHandler
                0x000000e4                I2CIntHandler
                0x000000e4                DebugMonIntHandler
                0x000000e4                Timer0BIntHandler
                0x000000e4                AUXCombEventIntHandler
                0x000000e4                Timer3AIntHandler
                0x000000e4                DynProgIntHandler
                0x000000e4                Timer3BIntHandler
 .text.ResetISR
                0x000000e8       0x5c obj_srf06-cc26xx/startup_gcc.o
                0x000000e8                ResetISR
 .text.process_thread_hello_world_process
                0x00000144       0x68 hello_world_blinkled.co
 .text.fade     0x000001ac       0x64 contiki-srf06-cc26xx.a(contiki-main.o)
 .text.startup.main
                0x00000210      0x24c contiki-srf06-cc26xx.a(contiki-main.o)
                0x00000210                main
 .text.process_thread_sensors_process
                0x0000045c       0xf8 contiki-srf06-cc26xx.a(sensors.o)
 .text.sensors_changed
                0x00000554       0x4c contiki-srf06-cc26xx.a(sensors.o)
                0x00000554                sensors_changed
 .text.leds_init
                0x000005a0       0x14 contiki-srf06-cc26xx.a(leds.o)
                0x000005a0                leds_init
 .text.leds_on  0x000005b4       0x14 contiki-srf06-cc26xx.a(leds.o)
                0x000005b4                leds_on
 .text.leds_off
                0x000005c8       0x14 contiki-srf06-cc26xx.a(leds.o)
                0x000005c8                leds_off
 .text.leds_toggle
                0x000005dc       0x14 contiki-srf06-cc26xx.a(leds.o)
                0x000005dc                leds_toggle
 .text.wakeup_handler
                0x000005f0       0x20 contiki-srf06-cc26xx.a(board.o)
 .text.board_init
                0x00000610       0x9c contiki-srf06-cc26xx.a(board.o)
                0x00000610                board_init
 .text.leds_arch_init
                0x000006ac       0x34 contiki-srf06-cc26xx.a(leds-arch.o)
                0x000006ac                leds_arch_init
 .text.leds_arch_set
                0x000006e0       0x2c contiki-srf06-cc26xx.a(leds-arch.o)
                0x000006e0                leds_arch_set
 .text.status.part.0
                0x0000070c       0x14 contiki-srf06-cc26xx.a(button-sensor.o)
 .text.value_left
                0x00000720       0x24 contiki-srf06-cc26xx.a(button-sensor.o)
 .text.value_right
                0x00000744       0x18 contiki-srf06-cc26xx.a(button-sensor.o)
 .text.status_left
                0x0000075c       0x10 contiki-srf06-cc26xx.a(button-sensor.o)
 .text.status_right
                0x0000076c       0x10 contiki-srf06-cc26xx.a(button-sensor.o)
 .text.config_buttons
                0x0000077c       0x84 contiki-srf06-cc26xx.a(button-sensor.o)
 .text.config_left
                0x00000800        0xc contiki-srf06-cc26xx.a(button-sensor.o)
 .text.config_right
                0x0000080c        0xc contiki-srf06-cc26xx.a(button-sensor.o)
 .text.button_press_handler
                0x00000818       0x64 contiki-srf06-cc26xx.a(button-sensor.o)
 .text.verify_part
                0x0000087c       0x80 contiki-srf06-cc26xx.a(ext-flash.o)
 .text.wait_ready
                0x000008fc       0x64 contiki-srf06-cc26xx.a(ext-flash.o)
 .text.power_down
                0x00000960       0x50 contiki-srf06-cc26xx.a(ext-flash.o)
 .text.ext_flash_open
                0x000009b0       0x60 contiki-srf06-cc26xx.a(ext-flash.o)
                0x000009b0                ext_flash_open
 .text.ext_flash_init
                0x00000a10       0x14 contiki-srf06-cc26xx.a(ext-flash.o)
                0x00000a10                ext_flash_init
 .text.accessible
                0x00000a24       0x24 contiki-srf06-cc26xx.a(board-spi.o)
 .text.board_spi_write
                0x00000a48       0x3c contiki-srf06-cc26xx.a(board-spi.o)
                0x00000a48                board_spi_write
 .text.board_spi_read
                0x00000a84       0x48 contiki-srf06-cc26xx.a(board-spi.o)
                0x00000a84                board_spi_read
 .text.board_spi_flush
                0x00000acc       0x24 contiki-srf06-cc26xx.a(board-spi.o)
                0x00000acc                board_spi_flush
 .text.board_spi_open
                0x00000af0       0xc0 contiki-srf06-cc26xx.a(board-spi.o)
                0x00000af0                board_spi_open
 .text.board_spi_close
                0x00000bb0       0x70 contiki-srf06-cc26xx.a(board-spi.o)
                0x00000bb0                board_spi_close
 .text.set_object
                0x00000c20        0x4 contiki-srf06-cc26xx.a(prop-mode.o)
 .text.request  0x00000c24       0x20 contiki-srf06-cc26xx.a(prop-mode.o)
 .text.soft_off_prop
                0x00000c44       0x3c contiki-srf06-cc26xx.a(prop-mode.o)
 .text.rx_on_prop
                0x00000c80       0x70 contiki-srf06-cc26xx.a(prop-mode.o)
 .text.prepare  0x00000cf0       0x1c contiki-srf06-cc26xx.a(prop-mode.o)
 .text.pending_packet
                0x00000d0c       0x34 contiki-srf06-cc26xx.a(prop-mode.o)
 .text.read_frame
                0x00000d40       0x50 contiki-srf06-cc26xx.a(prop-mode.o)
 .text.rx_off_prop
                0x00000d90       0x50 contiki-srf06-cc26xx.a(prop-mode.o)
 .text.prop_div_radio_setup
                0x00000de0       0x54 contiki-srf06-cc26xx.a(prop-mode.o)
 .text.prop_fs  0x00000e34       0x34 contiki-srf06-cc26xx.a(prop-mode.o)
 .text.soft_on_prop.part.3
                0x00000e68       0x18 contiki-srf06-cc26xx.a(prop-mode.o)
 .text.soft_on_prop
                0x00000e80       0x18 contiki-srf06-cc26xx.a(prop-mode.o)
 .text.off.part.4
                0x00000e98       0x1c contiki-srf06-cc26xx.a(prop-mode.o)
 .text.off      0x00000eb4       0x14 contiki-srf06-cc26xx.a(prop-mode.o)
 .text.on       0x00000ec8      0x200 contiki-srf06-cc26xx.a(prop-mode.o)
 .text.set_value
                0x000010c8      0x1c0 contiki-srf06-cc26xx.a(prop-mode.o)
 .text.get_value
                0x00001288      0x174 contiki-srf06-cc26xx.a(prop-mode.o)
 .text.transmit
                0x000013fc       0xb4 contiki-srf06-cc26xx.a(prop-mode.o)
 .text.send     0x000014b0       0x24 contiki-srf06-cc26xx.a(prop-mode.o)
 .text.channel_clear.part.6
                0x000014d4       0x78 contiki-srf06-cc26xx.a(prop-mode.o)
 .text.channel_clear
                0x0000154c       0x14 contiki-srf06-cc26xx.a(prop-mode.o)
 .text.receiving_packet
                0x00001560       0x30 contiki-srf06-cc26xx.a(prop-mode.o)
 .text.init     0x00001590       0x8c contiki-srf06-cc26xx.a(prop-mode.o)
 .text.get_object
                0x0000161c        0x4 contiki-srf06-cc26xx.a(prop-mode.o)
 .text.power_domain_on
                0x00001620       0x20 contiki-srf06-cc26xx.a(clock.o)
 .text.clock_init
                0x00001640       0x98 contiki-srf06-cc26xx.a(clock.o)
                0x00001640                clock_init
 .text.clock_time
                0x000016d8       0x34 contiki-srf06-cc26xx.a(clock.o)
                0x000016d8                clock_time
 .text.clock_update
                0x0000170c       0x3c contiki-srf06-cc26xx.a(clock.o)
                0x0000170c                clock_update
 .text.clock_seconds
                0x00001748       0x18 contiki-srf06-cc26xx.a(clock.o)
                0x00001748                clock_seconds
 .text.rtimer_arch_init
                0x00001760        0x4 contiki-srf06-cc26xx.a(rtimer-arch.o)
                0x00001760                rtimer_arch_init
 .text.rtimer_arch_schedule
                0x00001764        0x8 contiki-srf06-cc26xx.a(rtimer-arch.o)
                0x00001764                rtimer_arch_schedule
 .text.rtimer_arch_now
                0x0000176c        0x4 contiki-srf06-cc26xx.a(rtimer-arch.o)
                0x0000176c                rtimer_arch_now
 .text.soc_rtc_init
                0x00001770       0xa0 contiki-srf06-cc26xx.a(soc-rtc.o)
                0x00001770                soc_rtc_init
 .text.soc_rtc_schedule_one_shot
                0x00001810       0x6c contiki-srf06-cc26xx.a(soc-rtc.o)
                0x00001810                soc_rtc_schedule_one_shot
 .text.soc_rtc_last_isr_time
                0x0000187c        0xc contiki-srf06-cc26xx.a(soc-rtc.o)
                0x0000187c                soc_rtc_last_isr_time
 .text.AONRTCIntHandler
                0x00001888       0x88 contiki-srf06-cc26xx.a(soc-rtc.o)
                0x00001888                AONRTCIntHandler
 .text.watchdog_init
                0x00001910       0x1c contiki-srf06-cc26xx.a(contiki-watchdo)
                0x00001910                watchdog_init
 .text.watchdog_start
                0x0000192c       0x68 contiki-srf06-cc26xx.a(contiki-watchdo)
                0x0000192c                watchdog_start
 .text.watchdog_periodic
                0x00001994       0x1c contiki-srf06-cc26xx.a(contiki-watchdo)
                0x00001994                watchdog_periodic
 .text.putchar  0x000019b0       0x10 contiki-srf06-cc26xx.a(putchar.o)
                0x000019b0                putchar
 .text.puts     0x000019c0       0x30 contiki-srf06-cc26xx.a(putchar.o)
                0x000019c0                puts
 .text.dbg_send_bytes
                0x000019f0       0x40 contiki-srf06-cc26xx.a(putchar.o)
                0x000019f0                dbg_send_bytes
 .text.ieee_addr_cpy_to
                0x00001a30       0x40 contiki-srf06-cc26xx.a(ieee-addr.o)
                0x00001a30                ieee_addr_cpy_to
 .text.power_and_clock
                0x00001a70       0x40 contiki-srf06-cc26xx.a(cc26xx-uart.o)
 .text.enable   0x00001ab0       0xf0 contiki-srf06-cc26xx.a(cc26xx-uart.o)
 .text.accessible
                0x00001ba0       0x24 contiki-srf06-cc26xx.a(cc26xx-uart.o)
 .text.lpm_drop_handler
                0x00001bc4       0xc8 contiki-srf06-cc26xx.a(cc26xx-uart.o)
 .text.cc26xx_uart_init
                0x00001c8c       0x28 contiki-srf06-cc26xx.a(cc26xx-uart.o)
                0x00001c8c                cc26xx_uart_init
 .text.cc26xx_uart_write_byte
                0x00001cb4       0x28 contiki-srf06-cc26xx.a(cc26xx-uart.o)
                0x00001cb4                cc26xx_uart_write_byte
 .text.cc26xx_uart_busy
                0x00001cdc       0x18 contiki-srf06-cc26xx.a(cc26xx-uart.o)
                0x00001cdc                cc26xx_uart_busy
 .text.UART0IntHandler
                0x00001cf4       0x54 contiki-srf06-cc26xx.a(cc26xx-uart.o)
                0x00001cf4                UART0IntHandler
 .text.lpm_shutdown
                0x00001d48      0x198 contiki-srf06-cc26xx.a(lpm.o)
                0x00001d48                lpm_shutdown
 .text.lpm_sleep
                0x00001ee0       0x14 contiki-srf06-cc26xx.a(lpm.o)
                0x00001ee0                lpm_sleep
 .text.lpm_drop
                0x00001ef4      0x258 contiki-srf06-cc26xx.a(lpm.o)
                0x00001ef4                lpm_drop
 .text.lpm_register_module
                0x0000214c        0xc contiki-srf06-cc26xx.a(lpm.o)
                0x0000214c                lpm_register_module
 .text.lpm_unregister_module
                0x00002158        0xc contiki-srf06-cc26xx.a(lpm.o)
                0x00002158                lpm_unregister_module
 .text.lpm_init
                0x00002164       0x20 contiki-srf06-cc26xx.a(lpm.o)
                0x00002164                lpm_init
 .text.lpm_pin_set_default_state
                0x00002184       0x2c contiki-srf06-cc26xx.a(lpm.o)
                0x00002184                lpm_pin_set_default_state
 .text.gpio_interrupt_register_handler
                0x000021b0       0x2c contiki-srf06-cc26xx.a(gpio-interrupt.)
                0x000021b0                gpio_interrupt_register_handler
 .text.gpio_interrupt_init
                0x000021dc       0x24 contiki-srf06-cc26xx.a(gpio-interrupt.)
                0x000021dc                gpio_interrupt_init
 .text.GPIOIntHandler
                0x00002200       0x30 contiki-srf06-cc26xx.a(gpio-interrupt.)
                0x00002200                GPIOIntHandler
 .text.oscillators_select_lf_xosc
                0x00002230       0x54 contiki-srf06-cc26xx.a(oscillators.o)
                0x00002230                oscillators_select_lf_xosc
 .text.oscillators_select_lf_rcosc
                0x00002284       0x3c contiki-srf06-cc26xx.a(oscillators.o)
                0x00002284                oscillators_select_lf_rcosc
 .text.oscillators_request_hf_xosc
                0x000022c0       0x30 contiki-srf06-cc26xx.a(oscillators.o)
                0x000022c0                oscillators_request_hf_xosc
 .text.oscillators_switch_to_hf_xosc
                0x000022f0       0x34 contiki-srf06-cc26xx.a(oscillators.o)
                0x000022f0                oscillators_switch_to_hf_xosc
 .text.oscillators_switch_to_hf_rc
                0x00002324       0x38 contiki-srf06-cc26xx.a(oscillators.o)
                0x00002324                oscillators_switch_to_hf_rc
 .text.process_thread_rf_core_process
                0x0000235c       0x58 contiki-srf06-cc26xx.a(rf-core.o)
 .text.rf_core_is_accessible
                0x000023b4       0x10 contiki-srf06-cc26xx.a(rf-core.o)
                0x000023b4                rf_core_is_accessible
 .text.rf_core_send_cmd
                0x000023c4       0x94 contiki-srf06-cc26xx.a(rf-core.o)
                0x000023c4                rf_core_send_cmd
 .text.rf_core_wait_cmd_done
                0x00002458       0x30 contiki-srf06-cc26xx.a(rf-core.o)
                0x00002458                rf_core_wait_cmd_done
 .text.rf_core_power_up
                0x00002488       0xd0 contiki-srf06-cc26xx.a(rf-core.o)
                0x00002488                rf_core_power_up
 .text.rf_core_start_rat
                0x00002558       0x68 contiki-srf06-cc26xx.a(rf-core.o)
                0x00002558                rf_core_start_rat
 .text.rf_core_stop_rat
                0x000025c0       0x7c contiki-srf06-cc26xx.a(rf-core.o)
                0x000025c0                rf_core_stop_rat
 .text.rf_core_power_down
                0x0000263c       0xf0 contiki-srf06-cc26xx.a(rf-core.o)
                0x0000263c                rf_core_power_down
 .text.rf_core_set_modesel
                0x0000272c       0x44 contiki-srf06-cc26xx.a(rf-core.o)
                0x0000272c                rf_core_set_modesel
 .text.rf_core_setup_interrupts
                0x00002770       0x74 contiki-srf06-cc26xx.a(rf-core.o)
                0x00002770                rf_core_setup_interrupts
 .text.rf_core_cmd_done_en
                0x000027e4       0x28 contiki-srf06-cc26xx.a(rf-core.o)
                0x000027e4                rf_core_cmd_done_en
 .text.rf_core_cmd_done_dis
                0x0000280c       0x18 contiki-srf06-cc26xx.a(rf-core.o)
                0x0000280c                rf_core_cmd_done_dis
 .text.rf_core_get_last_radio_op
                0x00002824        0xc contiki-srf06-cc26xx.a(rf-core.o)
                0x00002824                rf_core_get_last_radio_op
 .text.rf_core_primary_mode_register
                0x00002830        0xc contiki-srf06-cc26xx.a(rf-core.o)
                0x00002830                rf_core_primary_mode_register
 .text.RFCCPE1IntHandler
                0x0000283c       0x28 contiki-srf06-cc26xx.a(rf-core.o)
                0x0000283c                RFCCPE1IntHandler
 .text.RFCCPE0IntHandler
                0x00002864       0x5c contiki-srf06-cc26xx.a(rf-core.o)
                0x00002864                RFCCPE0IntHandler
 .text.rf_ble_is_active
                0x000028c0        0xc contiki-srf06-cc26xx.a(rf-ble.o)
                0x000028c0                rf_ble_is_active
 .text.random_rand
                0x000028cc        0xc contiki-srf06-cc26xx.a(random.o)
                0x000028cc                random_rand
 .text.random_init
                0x000028d8        0x4 contiki-srf06-cc26xx.a(random.o)
                0x000028d8                random_init
 .text.power_up
                0x000028dc       0x40 contiki-srf06-cc26xx.a(soc-trng.o)
 .text.request  0x0000291c       0x14 contiki-srf06-cc26xx.a(soc-trng.o)
 .text.process_thread_soc_trng_process
                0x00002930       0x94 contiki-srf06-cc26xx.a(soc-trng.o)
 .text.accessible
                0x000029c4       0x24 contiki-srf06-cc26xx.a(soc-trng.o)
 .text.soc_trng_rand_synchronous
                0x000029e8       0xc4 contiki-srf06-cc26xx.a(soc-trng.o)
                0x000029e8                soc_trng_rand_synchronous
 .text.TRNGIntHandler
                0x00002aac       0x50 contiki-srf06-cc26xx.a(soc-trng.o)
                0x00002aac                TRNGIntHandler
 .text.soc_trng_init
                0x00002afc       0x28 contiki-srf06-cc26xx.a(soc-trng.o)
                0x00002afc                soc_trng_init
 .text.write_str
                0x00002b24       0x14 contiki-srf06-cc26xx.a(dbg-printf.o)
 .text.printf   0x00002b38       0x24 contiki-srf06-cc26xx.a(dbg-printf.o)
                0x00002b38                printf
 .text.fill_space
                0x00002b5c       0x3c contiki-srf06-cc26xx.a(strformat.o)
 .text.format_str_v
                0x00002b98      0x95c contiki-srf06-cc26xx.a(strformat.o)
                0x00002b98                format_str_v
 .text.autostart_start
                0x000034f4       0x18 contiki-srf06-cc26xx.a(autostart.o)
                0x000034f4                autostart_start
 .text.process_thread_ctimer_process
                0x0000350c       0x94 contiki-srf06-cc26xx.a(ctimer.o)
 .text.ctimer_init
                0x000035a0       0x28 contiki-srf06-cc26xx.a(ctimer.o)
                0x000035a0                ctimer_init
 .text.ctimer_set_with_process
                0x000035c8       0x4c contiki-srf06-cc26xx.a(ctimer.o)
                0x000035c8                ctimer_set_with_process
 .text.ctimer_set
                0x00003614       0x18 contiki-srf06-cc26xx.a(ctimer.o)
                0x00003614                ctimer_set
 .text.ctimer_reset
                0x0000362c       0x38 contiki-srf06-cc26xx.a(ctimer.o)
                0x0000362c                ctimer_reset
 .text.ctimer_restart
                0x00003664       0x38 contiki-srf06-cc26xx.a(ctimer.o)
                0x00003664                ctimer_restart
 .text.ctimer_stop
                0x0000369c       0x34 contiki-srf06-cc26xx.a(ctimer.o)
                0x0000369c                ctimer_stop
 .text.energest_init
                0x000036d0        0x4 contiki-srf06-cc26xx.a(energest.o)
                0x000036d0                energest_init
 .text.update_time
                0x000036d4       0x44 contiki-srf06-cc26xx.a(etimer.o)
 .text.process_thread_etimer_process
                0x00003718       0xc8 contiki-srf06-cc26xx.a(etimer.o)
 .text.add_timer
                0x000037e0       0x54 contiki-srf06-cc26xx.a(etimer.o)
 .text.etimer_request_poll
                0x00003834        0xc contiki-srf06-cc26xx.a(etimer.o)
                0x00003834                etimer_request_poll
 .text.etimer_set
                0x00003840       0x14 contiki-srf06-cc26xx.a(etimer.o)
                0x00003840                etimer_set
 .text.etimer_reset
                0x00003854       0x14 contiki-srf06-cc26xx.a(etimer.o)
                0x00003854                etimer_reset
 .text.etimer_restart
                0x00003868       0x14 contiki-srf06-cc26xx.a(etimer.o)
                0x00003868                etimer_restart
 .text.etimer_expired
                0x0000387c        0xc contiki-srf06-cc26xx.a(etimer.o)
                0x0000387c                etimer_expired
 .text.etimer_expiration_time
                0x00003888        0x8 contiki-srf06-cc26xx.a(etimer.o)
                0x00003888                etimer_expiration_time
 .text.etimer_pending
                0x00003890       0x10 contiki-srf06-cc26xx.a(etimer.o)
                0x00003890                etimer_pending
 .text.etimer_next_expiration_time
                0x000038a0       0x14 contiki-srf06-cc26xx.a(etimer.o)
                0x000038a0                etimer_next_expiration_time
 .text.etimer_stop
                0x000038b4       0x44 contiki-srf06-cc26xx.a(etimer.o)
                0x000038b4                etimer_stop
 .text.exit_process
                0x000038f8       0xb0 contiki-srf06-cc26xx.a(process.o)
 .text.call_process.part.0
                0x000039a8       0x38 contiki-srf06-cc26xx.a(process.o)
 .text.do_poll  0x000039e0       0x3c contiki-srf06-cc26xx.a(process.o)
 .text.process_alloc_event
                0x00003a1c       0x10 contiki-srf06-cc26xx.a(process.o)
                0x00003a1c                process_alloc_event
 .text.process_start
                0x00003a2c       0x48 contiki-srf06-cc26xx.a(process.o)
                0x00003a2c                process_start
 .text.process_init
                0x00003a74       0x34 contiki-srf06-cc26xx.a(process.o)
                0x00003a74                process_init
 .text.process_run
                0x00003aa8       0xa8 contiki-srf06-cc26xx.a(process.o)
                0x00003aa8                process_run
 .text.process_nevents
                0x00003b50       0x14 contiki-srf06-cc26xx.a(process.o)
                0x00003b50                process_nevents
 .text.process_post
                0x00003b64       0x40 contiki-srf06-cc26xx.a(process.o)
                0x00003b64                process_post
 .text.process_post_synch
                0x00003ba4       0x18 contiki-srf06-cc26xx.a(process.o)
                0x00003ba4                process_post_synch
 .text.process_poll
                0x00003bbc       0x18 contiki-srf06-cc26xx.a(process.o)
                0x00003bbc                process_poll
 .text.rtimer_init
                0x00003bd4        0x4 contiki-srf06-cc26xx.a(rtimer.o)
                0x00003bd4                rtimer_init
 .text.rtimer_set
                0x00003bd8       0x2c contiki-srf06-cc26xx.a(rtimer.o)
                0x00003bd8                rtimer_set
 .text.rtimer_run_next
                0x00003c04       0x28 contiki-srf06-cc26xx.a(rtimer.o)
                0x00003c04                rtimer_run_next
 .text.timer_set
                0x00003c2c       0x10 contiki-srf06-cc26xx.a(timer.o)
                0x00003c2c                timer_set
 .text.timer_reset
                0x00003c3c        0xc contiki-srf06-cc26xx.a(timer.o)
                0x00003c3c                timer_reset
 .text.timer_restart
                0x00003c48        0xc contiki-srf06-cc26xx.a(timer.o)
                0x00003c48                timer_restart
 .text.timer_expired
                0x00003c54       0x1c contiki-srf06-cc26xx.a(timer.o)
                0x00003c54                timer_expired
 .text.process_thread_serial_line_process
                0x00003c70       0xa8 contiki-srf06-cc26xx.a(serial-line.o)
 .text.serial_line_init
                0x00003d18       0x24 contiki-srf06-cc26xx.a(serial-line.o)
                0x00003d18                serial_line_init
 .text.list_init
                0x00003d3c        0x8 contiki-srf06-cc26xx.a(list.o)
                0x00003d3c                list_init
 .text.list_head
                0x00003d44        0x4 contiki-srf06-cc26xx.a(list.o)
                0x00003d44                list_head
 .text.list_add
                0x00003d48       0x5c contiki-srf06-cc26xx.a(list.o)
                0x00003d48                list_add
 .text.list_push
                0x00003da4       0x48 contiki-srf06-cc26xx.a(list.o)
                0x00003da4                list_push
 .text.list_remove
                0x00003dec       0x38 contiki-srf06-cc26xx.a(list.o)
                0x00003dec                list_remove
 .text.list_length
                0x00003e24       0x14 contiki-srf06-cc26xx.a(list.o)
                0x00003e24                list_length
 .text.list_item_next
                0x00003e38        0x8 contiki-srf06-cc26xx.a(list.o)
                0x00003e38                list_item_next
 .text.ringbuf_init
                0x00003e40       0x10 contiki-srf06-cc26xx.a(ringbuf.o)
                0x00003e40                ringbuf_init
 .text.ringbuf_get
                0x00003e50       0x24 contiki-srf06-cc26xx.a(ringbuf.o)
                0x00003e50                ringbuf_get
 .text.sicslowpan_init
                0x00003e74       0x24 contiki-srf06-cc26xx.a(sicslowpan.o)
                0x00003e74                sicslowpan_init
 .text.compress_addr_64
                0x00003e98       0x9c contiki-srf06-cc26xx.a(sicslowpan.o)
 .text.set_packet_attrs
                0x00003f34       0x50 contiki-srf06-cc26xx.a(sicslowpan.o)
 .text.addr_context_lookup_by_prefix
                0x00003f84       0x28 contiki-srf06-cc26xx.a(sicslowpan.o)
 .text.send_packet
                0x00003fac       0x24 contiki-srf06-cc26xx.a(sicslowpan.o)
 .text.packet_sent
                0x00003fd0       0x28 contiki-srf06-cc26xx.a(sicslowpan.o)
 .text.store_fragment
                0x00003ff8       0x68 contiki-srf06-cc26xx.a(sicslowpan.o)
 .text.add_fragment
                0x00004060      0x18c contiki-srf06-cc26xx.a(sicslowpan.o)
 .text.uncompress_addr
                0x000041ec       0xb8 contiki-srf06-cc26xx.a(sicslowpan.o)
 .text.input    0x000042a4      0x694 contiki-srf06-cc26xx.a(sicslowpan.o)
 .text.output   0x00004938      0x6fc contiki-srf06-cc26xx.a(sicslowpan.o)
 .text.chksum   0x00005034       0x50 contiki-srf06-cc26xx.a(uip6.o)
 .text.upper_layer_chksum
                0x00005084       0x58 contiki-srf06-cc26xx.a(uip6.o)
 .text.ext_hdr_options_process
                0x000050dc       0xd4 contiki-srf06-cc26xx.a(uip6.o)
 .text.uip_add32
                0x000051b0       0x58 contiki-srf06-cc26xx.a(uip6.o)
                0x000051b0                uip_add32
 .text.unlikely.uip_add_rcv_nxt
                0x00005208       0x2c contiki-srf06-cc26xx.a(uip6.o)
 .text.uip_icmp6chksum
                0x00005234        0x8 contiki-srf06-cc26xx.a(uip6.o)
                0x00005234                uip_icmp6chksum
 .text.uip_init
                0x0000523c       0x5c contiki-srf06-cc26xx.a(uip6.o)
                0x0000523c                uip_init
 .text.remove_ext_hdr
                0x00005298       0x54 contiki-srf06-cc26xx.a(uip6.o)
                0x00005298                remove_ext_hdr
 .text.uip_unlisten
                0x000052ec       0x28 contiki-srf06-cc26xx.a(uip6.o)
                0x000052ec                uip_unlisten
 .text.uip_process
                0x00005314     0x1088 contiki-srf06-cc26xx.a(uip6.o)
                0x00005314                uip_process
 .text.uip_htonl
                0x0000639c       0x14 contiki-srf06-cc26xx.a(uip6.o)
                0x0000639c                uip_htonl
 .text.uip_ds6_list_loop
                0x000063b0       0x5c contiki-srf06-cc26xx.a(uip-ds6.o)
                0x000063b0                uip_ds6_list_loop
 .text.uip_ds6_prefix_add
                0x0000640c       0x6c contiki-srf06-cc26xx.a(uip-ds6.o)
                0x0000640c                uip_ds6_prefix_add
 .text.uip_ds6_is_addr_onlink
                0x00006478       0x40 contiki-srf06-cc26xx.a(uip-ds6.o)
                0x00006478                uip_ds6_is_addr_onlink
 .text.uip_ds6_addr_lookup
                0x000064b8       0x30 contiki-srf06-cc26xx.a(uip-ds6.o)
                0x000064b8                uip_ds6_addr_lookup
 .text.uip_ds6_get_link_local
                0x000064e8       0x50 contiki-srf06-cc26xx.a(uip-ds6.o)
                0x000064e8                uip_ds6_get_link_local
 .text.uip_ds6_maddr_add
                0x00006538       0x50 contiki-srf06-cc26xx.a(uip-ds6.o)
                0x00006538                uip_ds6_maddr_add
 .text.uip_ds6_addr_add
                0x00006588       0xa8 contiki-srf06-cc26xx.a(uip-ds6.o)
                0x00006588                uip_ds6_addr_add
 .text.uip_ds6_maddr_lookup
                0x00006630       0x30 contiki-srf06-cc26xx.a(uip-ds6.o)
                0x00006630                uip_ds6_maddr_lookup
 .text.uip_ds6_addr_rm
                0x00006660       0x48 contiki-srf06-cc26xx.a(uip-ds6.o)
                0x00006660                uip_ds6_addr_rm
 .text.uip_ds6_periodic
                0x000066a8       0x5c contiki-srf06-cc26xx.a(uip-ds6.o)
                0x000066a8                uip_ds6_periodic
 .text.uip_ds6_select_src
                0x00006704      0x118 contiki-srf06-cc26xx.a(uip-ds6.o)
                0x00006704                uip_ds6_select_src
 .text.uip_ds6_set_addr_iid
                0x0000681c       0x14 contiki-srf06-cc26xx.a(uip-ds6.o)
                0x0000681c                uip_ds6_set_addr_iid
 .text.uip_ds6_compute_reachable_time
                0x00006830       0x2c contiki-srf06-cc26xx.a(uip-ds6.o)
                0x00006830                uip_ds6_compute_reachable_time
 .text.uip_ds6_init
                0x0000685c       0xf8 contiki-srf06-cc26xx.a(uip-ds6.o)
                0x0000685c                uip_ds6_init
 .text.uip_ds6_nbr_rm
                0x00006954       0x20 contiki-srf06-cc26xx.a(uip-ds6-nbr.o)
                0x00006954                uip_ds6_nbr_rm
 .text.uip_ds6_neighbors_init
                0x00006974       0x1c contiki-srf06-cc26xx.a(uip-ds6-nbr.o)
                0x00006974                uip_ds6_neighbors_init
 .text.uip_ds6_nbr_add
                0x00006990       0x38 contiki-srf06-cc26xx.a(uip-ds6-nbr.o)
                0x00006990                uip_ds6_nbr_add
 .text.uip_ds6_nbr_get_ll
                0x000069c8       0x10 contiki-srf06-cc26xx.a(uip-ds6-nbr.o)
                0x000069c8                uip_ds6_nbr_get_ll
 .text.uip_ds6_nbr_lookup
                0x000069d8       0x3c contiki-srf06-cc26xx.a(uip-ds6-nbr.o)
                0x000069d8                uip_ds6_nbr_lookup
 .text.uip_ds6_nbr_ipaddr_from_lladdr
                0x00006a14       0x10 contiki-srf06-cc26xx.a(uip-ds6-nbr.o)
                0x00006a14                uip_ds6_nbr_ipaddr_from_lladdr
 .text.uip_ds6_nbr_lladdr_from_ipaddr
                0x00006a24       0x1c contiki-srf06-cc26xx.a(uip-ds6-nbr.o)
                0x00006a24                uip_ds6_nbr_lladdr_from_ipaddr
 .text.uip_ds6_link_neighbor_callback
                0x00006a40       0x34 contiki-srf06-cc26xx.a(uip-ds6-nbr.o)
                0x00006a40                uip_ds6_link_neighbor_callback
 .text.call_route_callback
                0x00006a74       0x50 contiki-srf06-cc26xx.a(uip-ds6-route.o)
 .text.uip_ds6_route_init
                0x00006ac4       0x4c contiki-srf06-cc26xx.a(uip-ds6-route.o)
                0x00006ac4                uip_ds6_route_init
 .text.uip_ds6_route_nexthop
                0x00006b10       0x1c contiki-srf06-cc26xx.a(uip-ds6-route.o)
                0x00006b10                uip_ds6_route_nexthop
 .text.uip_ds6_route_head
                0x00006b2c        0xc contiki-srf06-cc26xx.a(uip-ds6-route.o)
                0x00006b2c                uip_ds6_route_head
 .text.uip_ds6_route_next
                0x00006b38        0x8 contiki-srf06-cc26xx.a(uip-ds6-route.o)
                0x00006b38                uip_ds6_route_next
 .text.uip_ds6_route_is_nexthop
                0x00006b40       0x20 contiki-srf06-cc26xx.a(uip-ds6-route.o)
                0x00006b40                uip_ds6_route_is_nexthop
 .text.uip_ds6_route_lookup
                0x00006b60       0x78 contiki-srf06-cc26xx.a(uip-ds6-route.o)
                0x00006b60                uip_ds6_route_lookup
 .text.uip_ds6_route_rm
                0x00006bd8       0xac contiki-srf06-cc26xx.a(uip-ds6-route.o)
                0x00006bd8                uip_ds6_route_rm
 .text.rm_routelist
                0x00006c84       0x38 contiki-srf06-cc26xx.a(uip-ds6-route.o)
 .text.rm_routelist_callback
                0x00006cbc        0x4 contiki-srf06-cc26xx.a(uip-ds6-route.o)
 .text.uip_ds6_route_add
                0x00006cc0      0x118 contiki-srf06-cc26xx.a(uip-ds6-route.o)
                0x00006cc0                uip_ds6_route_add
 .text.uip_ds6_defrt_rm
                0x00006dd8       0x48 contiki-srf06-cc26xx.a(uip-ds6-route.o)
                0x00006dd8                uip_ds6_defrt_rm
 .text.uip_ds6_defrt_lookup
                0x00006e20       0x34 contiki-srf06-cc26xx.a(uip-ds6-route.o)
                0x00006e20                uip_ds6_defrt_lookup
 .text.uip_ds6_defrt_add
                0x00006e54       0x5c contiki-srf06-cc26xx.a(uip-ds6-route.o)
                0x00006e54                uip_ds6_defrt_add
 .text.uip_ds6_defrt_choose
                0x00006eb0       0x34 contiki-srf06-cc26xx.a(uip-ds6-route.o)
                0x00006eb0                uip_ds6_defrt_choose
 .text.uip_ds6_defrt_periodic
                0x00006ee4       0x40 contiki-srf06-cc26xx.a(uip-ds6-route.o)
                0x00006ee4                uip_ds6_defrt_periodic
 .text.echo_reply_input
                0x00006f24       0xac contiki-srf06-cc26xx.a(uip-icmp6.o)
 .text.echo_request_input
                0x00006fd0       0xb0 contiki-srf06-cc26xx.a(uip-icmp6.o)
 .text.uip_icmp6_input
                0x00007080       0x3c contiki-srf06-cc26xx.a(uip-icmp6.o)
                0x00007080                uip_icmp6_input
 .text.uip_icmp6_register_input_handler
                0x000070bc        0xc contiki-srf06-cc26xx.a(uip-icmp6.o)
                0x000070bc                uip_icmp6_register_input_handler
 .text.uip_icmp6_error_output
                0x000070c8      0x158 contiki-srf06-cc26xx.a(uip-icmp6.o)
                0x000070c8                uip_icmp6_error_output
 .text.uip_icmp6_send
                0x00007220       0x80 contiki-srf06-cc26xx.a(uip-icmp6.o)
                0x00007220                uip_icmp6_send
 .text.uip_icmp6_init
                0x000072a0       0x24 contiki-srf06-cc26xx.a(uip-icmp6.o)
                0x000072a0                uip_icmp6_init
 .text.ns_input
                0x000072c4      0x294 contiki-srf06-cc26xx.a(uip-nd6.o)
 .text.uip_nd6_init
                0x00007558        0xc contiki-srf06-cc26xx.a(uip-nd6.o)
                0x00007558                uip_nd6_init
 .text.start_periodic_tcp_timer
                0x00007564       0x1c contiki-srf06-cc26xx.a(tcpip.o)
 .text.tcpip_set_outputfunc
                0x00007580        0xc contiki-srf06-cc26xx.a(tcpip.o)
                0x00007580                tcpip_set_outputfunc
 .text.tcpip_icmp6_call
                0x0000758c       0x28 contiki-srf06-cc26xx.a(tcpip.o)
                0x0000758c                tcpip_icmp6_call
 .text.tcpip_input
                0x000075b4       0x24 contiki-srf06-cc26xx.a(tcpip.o)
                0x000075b4                tcpip_input
 .text.tcpip_ipv6_output
                0x000075d8       0xbc contiki-srf06-cc26xx.a(tcpip.o)
                0x000075d8                tcpip_ipv6_output
 .text.process_thread_tcpip_process
                0x00007694      0x1c0 contiki-srf06-cc26xx.a(tcpip.o)
 .text.tcpip_uipcall
                0x00007854       0x70 contiki-srf06-cc26xx.a(tcpip.o)
                0x00007854                tcpip_uipcall
 .text.uip_debug_ipaddr_print
                0x000078c4       0xb0 contiki-srf06-cc26xx.a(uip-debug.o)
                0x000078c4                uip_debug_ipaddr_print
 .text.rpl_get_mode
                0x00007974        0xc contiki-srf06-cc26xx.a(rpl.o)
                0x00007974                rpl_get_mode
 .text.rpl_purge_routes
                0x00007980       0x7c contiki-srf06-cc26xx.a(rpl.o)
                0x00007980                rpl_purge_routes
 .text.rpl_remove_routes
                0x000079fc       0x24 contiki-srf06-cc26xx.a(rpl.o)
                0x000079fc                rpl_remove_routes
 .text.rpl_remove_routes_by_nexthop
                0x00007a20       0x34 contiki-srf06-cc26xx.a(rpl.o)
                0x00007a20                rpl_remove_routes_by_nexthop
 .text.rpl_add_route
                0x00007a54       0x38 contiki-srf06-cc26xx.a(rpl.o)
                0x00007a54                rpl_add_route
 .text.rpl_link_neighbor_callback
                0x00007a8c       0x60 contiki-srf06-cc26xx.a(rpl.o)
                0x00007a8c                rpl_link_neighbor_callback
 .text.rpl_ipv6_neighbor_callback
                0x00007aec       0x30 contiki-srf06-cc26xx.a(rpl.o)
                0x00007aec                rpl_ipv6_neighbor_callback
 .text.rpl_purge_dags
                0x00007b1c       0x40 contiki-srf06-cc26xx.a(rpl.o)
                0x00007b1c                rpl_purge_dags
 .text.rpl_init
                0x00007b5c       0x4c contiki-srf06-cc26xx.a(rpl.o)
                0x00007b5c                rpl_init
 .text.rpl_set_preferred_parent
                0x00007ba8       0x2c contiki-srf06-cc26xx.a(rpl-dag.o)
 .text.set_ip_from_prefix
                0x00007bd4       0x24 contiki-srf06-cc26xx.a(rpl-dag.o)
 .text.check_prefix
                0x00007bf8       0x78 contiki-srf06-cc26xx.a(rpl-dag.o)
 .text.find_parent_any_dag_any_instance
                0x00007c70       0x1c contiki-srf06-cc26xx.a(rpl-dag.o)
 .text.lollipop_greater_than
                0x00007c8c       0x3c contiki-srf06-cc26xx.a(rpl-dag.o)
 .text.rpl_dag_init
                0x00007cc8       0x14 contiki-srf06-cc26xx.a(rpl-dag.o)
                0x00007cc8                rpl_dag_init
 .text.rpl_get_parent
                0x00007cdc       0x10 contiki-srf06-cc26xx.a(rpl-dag.o)
                0x00007cdc                rpl_get_parent
 .text.rpl_rank_via_parent
                0x00007cec       0x1c contiki-srf06-cc26xx.a(rpl-dag.o)
                0x00007cec                rpl_rank_via_parent
 .text.rpl_get_parent_ipaddr
                0x00007d08       0x18 contiki-srf06-cc26xx.a(rpl-dag.o)
                0x00007d08                rpl_get_parent_ipaddr
 .text.rpl_get_parent_link_stats
                0x00007d20       0x18 contiki-srf06-cc26xx.a(rpl-dag.o)
                0x00007d20                rpl_get_parent_link_stats
 .text.best_parent
                0x00007d38       0x94 contiki-srf06-cc26xx.a(rpl-dag.o)
 .text.rpl_parent_is_fresh
                0x00007dcc       0x10 contiki-srf06-cc26xx.a(rpl-dag.o)
                0x00007dcc                rpl_parent_is_fresh
 .text.rpl_parent_is_reachable
                0x00007ddc       0x40 contiki-srf06-cc26xx.a(rpl-dag.o)
                0x00007ddc                rpl_parent_is_reachable
 .text.rpl_repair_root
                0x00007e1c       0x60 contiki-srf06-cc26xx.a(rpl-dag.o)
                0x00007e1c                rpl_repair_root
 .text.rpl_set_prefix
                0x00007e7c       0x94 contiki-srf06-cc26xx.a(rpl-dag.o)
                0x00007e7c                rpl_set_prefix
 .text.rpl_set_default_route
                0x00007f10       0x30 contiki-srf06-cc26xx.a(rpl-dag.o)
                0x00007f10                rpl_set_default_route
 .text.rpl_alloc_instance
                0x00007f40       0x34 contiki-srf06-cc26xx.a(rpl-dag.o)
                0x00007f40                rpl_alloc_instance
 .text.rpl_alloc_dag
                0x00007f74       0x5c contiki-srf06-cc26xx.a(rpl-dag.o)
                0x00007f74                rpl_alloc_dag
 .text.rpl_add_parent
                0x00007fd0       0x30 contiki-srf06-cc26xx.a(rpl-dag.o)
                0x00007fd0                rpl_add_parent
 .text.rpl_find_parent
                0x00008000       0x18 contiki-srf06-cc26xx.a(rpl-dag.o)
                0x00008000                rpl_find_parent
 .text.rpl_find_parent_any_dag
                0x00008018       0x20 contiki-srf06-cc26xx.a(rpl-dag.o)
                0x00008018                rpl_find_parent_any_dag
 .text.rpl_select_parent
                0x00008038       0x58 contiki-srf06-cc26xx.a(rpl-dag.o)
                0x00008038                rpl_select_parent
 .text.rpl_select_dag
                0x00008090      0x18c contiki-srf06-cc26xx.a(rpl-dag.o)
                0x00008090                rpl_select_dag
 .text.rpl_nullify_parent
                0x0000821c       0x58 contiki-srf06-cc26xx.a(rpl-dag.o)
                0x0000821c                rpl_nullify_parent
 .text.rpl_remove_parent
                0x00008274       0x1c contiki-srf06-cc26xx.a(rpl-dag.o)
                0x00008274                rpl_remove_parent
 .text.nbr_callback
                0x00008290        0x4 contiki-srf06-cc26xx.a(rpl-dag.o)
 .text.remove_parents.constprop.7
                0x00008294       0x48 contiki-srf06-cc26xx.a(rpl-dag.o)
 .text.rpl_free_dag
                0x000082dc       0x3c contiki-srf06-cc26xx.a(rpl-dag.o)
                0x000082dc                rpl_free_dag
 .text.rpl_move_parent
                0x00008318       0x58 contiki-srf06-cc26xx.a(rpl-dag.o)
                0x00008318                rpl_move_parent
 .text.rpl_get_dag
                0x00008370       0x3c contiki-srf06-cc26xx.a(rpl-dag.o)
                0x00008370                rpl_get_dag
 .text.rpl_get_any_dag
                0x000083ac       0x18 contiki-srf06-cc26xx.a(rpl-dag.o)
                0x000083ac                rpl_get_any_dag
 .text.rpl_get_instance
                0x000083c4       0x20 contiki-srf06-cc26xx.a(rpl-dag.o)
                0x000083c4                rpl_get_instance
 .text.rpl_join_instance
                0x000083e4      0x14c contiki-srf06-cc26xx.a(rpl-dag.o)
                0x000083e4                rpl_join_instance
 .text.rpl_local_repair
                0x00008530       0x90 contiki-srf06-cc26xx.a(rpl-dag.o)
                0x00008530                rpl_local_repair
 .text.rpl_process_parent_event
                0x000085c0       0x9c contiki-srf06-cc26xx.a(rpl-dag.o)
                0x000085c0                rpl_process_parent_event
 .text.rpl_add_dag
                0x0000865c      0x14c contiki-srf06-cc26xx.a(rpl-dag.o)
                0x0000865c                rpl_add_dag
 .text.rpl_recalculate_ranks
                0x000087a8       0x50 contiki-srf06-cc26xx.a(rpl-dag.o)
                0x000087a8                rpl_recalculate_ranks
 .text.rpl_process_dio
                0x000087f8      0x32c contiki-srf06-cc26xx.a(rpl-dag.o)
                0x000087f8                rpl_process_dio
 .text.update_hbh_header
                0x00008b24       0xd0 contiki-srf06-cc26xx.a(rpl-ext-header.)
 .text.insert_hbh_header.isra.0
                0x00008bf4       0xb0 contiki-srf06-cc26xx.a(rpl-ext-header.)
 .text.rpl_verify_hbh_header
                0x00008ca4       0xf0 contiki-srf06-cc26xx.a(rpl-ext-header.)
                0x00008ca4                rpl_verify_hbh_header
 .text.rpl_remove_header
                0x00008d94       0x80 contiki-srf06-cc26xx.a(rpl-ext-header.)
                0x00008d94                rpl_remove_header
 .text.rpl_update_header
                0x00008e14       0x74 contiki-srf06-cc26xx.a(rpl-ext-header.)
                0x00008e14                rpl_update_header
 .text.dao_ack_input
                0x00008e88       0x14 contiki-srf06-cc26xx.a(rpl-icmp6.o)
 .text.dao_output_target_seq
                0x00008e9c      0x120 contiki-srf06-cc26xx.a(rpl-icmp6.o)
 .text.dio_input
                0x00008fbc      0x2a8 contiki-srf06-cc26xx.a(rpl-icmp6.o)
 .text.rpl_icmp6_update_nbr_table
                0x00009264       0x38 contiki-srf06-cc26xx.a(rpl-icmp6.o)
                0x00009264                rpl_icmp6_update_nbr_table
 .text.dao_input
                0x0000929c      0x2c8 contiki-srf06-cc26xx.a(rpl-icmp6.o)
 .text.dis_output
                0x00009564       0x58 contiki-srf06-cc26xx.a(rpl-icmp6.o)
                0x00009564                dis_output
 .text.dio_output
                0x000095bc      0x2b0 contiki-srf06-cc26xx.a(rpl-icmp6.o)
                0x000095bc                dio_output
 .text.dis_input
                0x0000986c       0x54 contiki-srf06-cc26xx.a(rpl-icmp6.o)
 .text.dao_output
                0x000098c0       0x90 contiki-srf06-cc26xx.a(rpl-icmp6.o)
                0x000098c0                dao_output
 .text.dao_output_target
                0x00009950        0xc contiki-srf06-cc26xx.a(rpl-icmp6.o)
                0x00009950                dao_output_target
 .text.rpl_icmp6_register_handlers
                0x0000995c       0x30 contiki-srf06-cc26xx.a(rpl-icmp6.o)
                0x0000995c                rpl_icmp6_register_handlers
 .text.reset    0x0000998c        0x4 contiki-srf06-cc26xx.a(rpl-mrhof.o)
 .text.update_metric_container
                0x00009990        0x8 contiki-srf06-cc26xx.a(rpl-mrhof.o)
 .text.parent_link_metric
                0x00009998       0x14 contiki-srf06-cc26xx.a(rpl-mrhof.o)
 .text.parent_has_usable_link
                0x000099ac       0x18 contiki-srf06-cc26xx.a(rpl-mrhof.o)
 .text.best_dag
                0x000099c4       0x2c contiki-srf06-cc26xx.a(rpl-mrhof.o)
 .text.parent_path_cost
                0x000099f0       0x4c contiki-srf06-cc26xx.a(rpl-mrhof.o)
 .text.parent_is_acceptable
                0x00009a3c       0x34 contiki-srf06-cc26xx.a(rpl-mrhof.o)
 .text.rank_via_parent
                0x00009a70       0x3c contiki-srf06-cc26xx.a(rpl-mrhof.o)
 .text.best_parent
                0x00009aac       0x68 contiki-srf06-cc26xx.a(rpl-mrhof.o)
 .text.new_dio_interval
                0x00009b14       0x60 contiki-srf06-cc26xx.a(rpl-timers.o)
 .text.handle_periodic_timer
                0x00009b74       0x58 contiki-srf06-cc26xx.a(rpl-timers.o)
 .text.set_dao_lifetime_timer
                0x00009bcc       0x48 contiki-srf06-cc26xx.a(rpl-timers.o)
 .text.handle_unicast_dio_timer
                0x00009c14       0x1c contiki-srf06-cc26xx.a(rpl-timers.o)
 .text.handle_dio_timer
                0x00009c30       0x8c contiki-srf06-cc26xx.a(rpl-timers.o)
 .text.schedule_dao
                0x00009cbc       0x54 contiki-srf06-cc26xx.a(rpl-timers.o)
 .text.handle_dao_timer
                0x00009d10       0x5c contiki-srf06-cc26xx.a(rpl-timers.o)
 .text.rpl_reset_periodic_timer
                0x00009d6c       0x3c contiki-srf06-cc26xx.a(rpl-timers.o)
                0x00009d6c                rpl_reset_periodic_timer
 .text.rpl_reset_dio_timer
                0x00009da8       0x1c contiki-srf06-cc26xx.a(rpl-timers.o)
                0x00009da8                rpl_reset_dio_timer
 .text.rpl_schedule_dao
                0x00009dc4        0x8 contiki-srf06-cc26xx.a(rpl-timers.o)
                0x00009dc4                rpl_schedule_dao
 .text.rpl_schedule_unicast_dio_immediately
                0x00009dcc       0x14 contiki-srf06-cc26xx.a(rpl-timers.o)
                0x00009dcc                rpl_schedule_unicast_dio_immediately
 .text.get_probing_delay
                0x00009de0       0x4c contiki-srf06-cc26xx.a(rpl-timers.o)
                0x00009de0                get_probing_delay
 .text.get_probing_target
                0x00009e2c       0xe4 contiki-srf06-cc26xx.a(rpl-timers.o)
                0x00009e2c                get_probing_target
 .text.rpl_schedule_probing
                0x00009f10       0x20 contiki-srf06-cc26xx.a(rpl-timers.o)
                0x00009f10                rpl_schedule_probing
 .text.handle_probing_timer
                0x00009f30       0x34 contiki-srf06-cc26xx.a(rpl-timers.o)
 .text.SafeHapiVoid
                0x00009f64       0x2c contiki-srf06-cc26xx.a(adi.o)
                0x00009f64                SafeHapiVoid
 .text.NOROM_AONRTCCurrentCompareValueGet
                0x00009f90       0x24 contiki-srf06-cc26xx.a(aon_rtc.o)
                0x00009f90                NOROM_AONRTCCurrentCompareValueGet
 .text.NOROM_ChipInfo_GetSupportedProtocol_BV
                0x00009fb4       0x10 contiki-srf06-cc26xx.a(chipinfo.o)
                0x00009fb4                NOROM_ChipInfo_GetSupportedProtocol_BV
 .text.NOROM_ChipInfo_GetChipFamily
                0x00009fc4       0x50 contiki-srf06-cc26xx.a(chipinfo.o)
                0x00009fc4                NOROM_ChipInfo_GetChipFamily
 .text.NOROM_ChipInfo_GetChipType
                0x0000a014       0x30 contiki-srf06-cc26xx.a(chipinfo.o)
                0x0000a014                NOROM_ChipInfo_GetChipType
 .text.NOROM_ChipInfo_GetHwRevision
                0x0000a044       0x70 contiki-srf06-cc26xx.a(chipinfo.o)
                0x0000a044                NOROM_ChipInfo_GetHwRevision
 .text.NOROM_ThisCodeIsBuiltForCC13xxHwRev20AndLater_HaltIfViolated
                0x0000a0b4       0x18 contiki-srf06-cc26xx.a(chipinfo.o)
                0x0000a0b4                NOROM_ThisCodeIsBuiltForCC13xxHwRev20AndLater_HaltIfViolated
 .text.NOROM_CPUcpsid
                0x0000a0cc        0x8 contiki-srf06-cc26xx.a(cpu.o)
                0x0000a0cc                NOROM_CPUcpsid
 .text.NOROM_CPUcpsie
                0x0000a0d4        0x8 contiki-srf06-cc26xx.a(cpu.o)
                0x0000a0d4                NOROM_CPUcpsie
 .text.NOROM_OSCClockSourceSet
                0x0000a0dc       0x60 contiki-srf06-cc26xx.a(osc.o)
                0x0000a0dc                NOROM_OSCClockSourceSet
 .text.NOROM_OSCClockSourceGet
                0x0000a13c       0x34 contiki-srf06-cc26xx.a(osc.o)
                0x0000a13c                NOROM_OSCClockSourceGet
 .text.NOROM_PowerCtrlSourceSet
                0x0000a170       0x30 contiki-srf06-cc26xx.a(pwr_ctrl.o)
                0x0000a170                NOROM_PowerCtrlSourceSet
 .text.NOROM_RFCRTrim
                0x0000a1a0      0x134 contiki-srf06-cc26xx.a(rfc.o)
                0x0000a1a0                NOROM_RFCRTrim
 .text.NOROM_RFCAdi3VcoLdoVoltageMode
                0x0000a2d4       0x20 contiki-srf06-cc26xx.a(rfc.o)
                0x0000a2d4                NOROM_RFCAdi3VcoLdoVoltageMode
 .text.TrimAfterColdResetWakeupFromShutDown
                0x0000a2f4       0xd8 contiki-srf06-cc26xx.a(setup.o)
 .text.NOROM_SetupTrimDevice
                0x0000a3cc       0xa4 contiki-srf06-cc26xx.a(setup.o)
                0x0000a3cc                NOROM_SetupTrimDevice
 .text.NOROM_SetupGetTrimForXoscHfCtl.part.3
                0x0000a470       0x20 contiki-srf06-cc26xx.a(setup_rom.o)
 .text.NOROM_SetupGetTrimForRadcExtCfg.part.4
                0x0000a490       0x1c contiki-srf06-cc26xx.a(setup_rom.o)
 .text.NOROM_SetupSetVddrLevel
                0x0000a4ac       0x90 contiki-srf06-cc26xx.a(setup_rom.o)
                0x0000a4ac                NOROM_SetupSetVddrLevel
 .text.NOROM_SetupAfterColdResetWakeupFromShutDownCfg1
                0x0000a53c       0xc8 contiki-srf06-cc26xx.a(setup_rom.o)
                0x0000a53c                NOROM_SetupAfterColdResetWakeupFromShutDownCfg1
 .text.NOROM_SetupAfterColdResetWakeupFromShutDownCfg3
                0x0000a604      0x1a0 contiki-srf06-cc26xx.a(setup_rom.o)
                0x0000a604                NOROM_SetupAfterColdResetWakeupFromShutDownCfg3
 .text.NOROM_SetupGetTrimForAnabypassValue1
                0x0000a7a4       0x64 contiki-srf06-cc26xx.a(setup_rom.o)
                0x0000a7a4                NOROM_SetupGetTrimForAnabypassValue1
 .text.NOROM_SetupGetTrimForAmpcompCtrl
                0x0000a808       0x74 contiki-srf06-cc26xx.a(setup_rom.o)
                0x0000a808                NOROM_SetupGetTrimForAmpcompCtrl
 .text.NOROM_SetupAfterColdResetWakeupFromShutDownCfg2
                0x0000a87c      0x19c contiki-srf06-cc26xx.a(setup_rom.o)
                0x0000a87c                NOROM_SetupAfterColdResetWakeupFromShutDownCfg2
 .text.NOROM_SetupSetCacheModeAccordingToCcfgSetting
                0x0000aa18       0x68 contiki-srf06-cc26xx.a(setup_rom.o)
                0x0000aa18                NOROM_SetupSetCacheModeAccordingToCcfgSetting
 .text.NOROM_SysCtrlSetRechargeBeforePowerDown
                0x0000aa80      0x2a0 contiki-srf06-cc26xx.a(sys_ctrl.o)
                0x0000aa80                NOROM_SysCtrlSetRechargeBeforePowerDown
 .text.NOROM_SysCtrlAdjustRechargeAfterPowerDown
                0x0000ad20       0x70 contiki-srf06-cc26xx.a(sys_ctrl.o)
                0x0000ad20                NOROM_SysCtrlAdjustRechargeAfterPowerDown
 .text.NOROM_SysCtrl_DCDC_VoltageConditionalControl
                0x0000ad90       0x7c contiki-srf06-cc26xx.a(sys_ctrl.o)
                0x0000ad90                NOROM_SysCtrl_DCDC_VoltageConditionalControl
 .text.NOROM_TRNGConfigure
                0x0000ae0c       0x38 contiki-srf06-cc26xx.a(trng.o)
                0x0000ae0c                NOROM_TRNGConfigure
 .text.linkaddr_copy
                0x0000ae44        0xc contiki-srf06-cc26xx.a(linkaddr.o)
                0x0000ae44                linkaddr_copy
 .text.linkaddr_cmp
                0x0000ae50       0x10 contiki-srf06-cc26xx.a(linkaddr.o)
                0x0000ae50                linkaddr_cmp
 .text.periodic
                0x0000ae60       0x2c contiki-srf06-cc26xx.a(link-stats.o)
 .text.link_stats_from_lladdr
                0x0000ae8c        0xc contiki-srf06-cc26xx.a(link-stats.o)
                0x0000ae8c                link_stats_from_lladdr
 .text.link_stats_is_fresh
                0x0000ae98       0x28 contiki-srf06-cc26xx.a(link-stats.o)
                0x0000ae98                link_stats_is_fresh
 .text.link_stats_packet_sent
                0x0000aec0       0xcc contiki-srf06-cc26xx.a(link-stats.o)
                0x0000aec0                link_stats_packet_sent
 .text.link_stats_input_callback
                0x0000af8c       0x5c contiki-srf06-cc26xx.a(link-stats.o)
                0x0000af8c                link_stats_input_callback
 .text.link_stats_init
                0x0000afe8       0x28 contiki-srf06-cc26xx.a(link-stats.o)
                0x0000afe8                link_stats_init
 .text.index_from_lladdr
                0x0000b010       0x50 contiki-srf06-cc26xx.a(nbr-table.o)
 .text.remove_key
                0x0000b060       0x9c contiki-srf06-cc26xx.a(nbr-table.o)
 .text.nbr_table_register
                0x0000b0fc       0x2c contiki-srf06-cc26xx.a(nbr-table.o)
                0x0000b0fc                nbr_table_register
 .text.nbr_table_next
                0x0000b128       0x7c contiki-srf06-cc26xx.a(nbr-table.o)
                0x0000b128                nbr_table_next
 .text.nbr_table_head
                0x0000b1a4       0x70 contiki-srf06-cc26xx.a(nbr-table.o)
                0x0000b1a4                nbr_table_head
 .text.nbr_table_add_lladdr
                0x0000b214      0x15c contiki-srf06-cc26xx.a(nbr-table.o)
                0x0000b214                nbr_table_add_lladdr
 .text.nbr_table_get_from_lladdr
                0x0000b370       0x44 contiki-srf06-cc26xx.a(nbr-table.o)
                0x0000b370                nbr_table_get_from_lladdr
 .text.nbr_table_remove
                0x0000b3b4       0x5c contiki-srf06-cc26xx.a(nbr-table.o)
                0x0000b3b4                nbr_table_remove
 .text.nbr_table_lock
                0x0000b410       0x34 contiki-srf06-cc26xx.a(nbr-table.o)
                0x0000b410                nbr_table_lock
 .text.nbr_table_unlock
                0x0000b444       0x38 contiki-srf06-cc26xx.a(nbr-table.o)
                0x0000b444                nbr_table_unlock
 .text.nbr_table_get_lladdr
                0x0000b47c       0x30 contiki-srf06-cc26xx.a(nbr-table.o)
                0x0000b47c                nbr_table_get_lladdr
 .text.nbr_table_update_lladdr
                0x0000b4ac       0x54 contiki-srf06-cc26xx.a(nbr-table.o)
                0x0000b4ac                nbr_table_update_lladdr
 .text.netstack_init
                0x0000b500       0x38 contiki-srf06-cc26xx.a(netstack.o)
                0x0000b500                netstack_init
 .text.packetbuf_copyto
                0x0000b538       0x50 contiki-srf06-cc26xx.a(packetbuf.o)
                0x0000b538                packetbuf_copyto
 .text.packetbuf_hdralloc
                0x0000b588       0x58 contiki-srf06-cc26xx.a(packetbuf.o)
                0x0000b588                packetbuf_hdralloc
 .text.packetbuf_hdrreduce
                0x0000b5e0       0x2c contiki-srf06-cc26xx.a(packetbuf.o)
                0x0000b5e0                packetbuf_hdrreduce
 .text.packetbuf_set_datalen
                0x0000b60c        0xc contiki-srf06-cc26xx.a(packetbuf.o)
                0x0000b60c                packetbuf_set_datalen
 .text.packetbuf_dataptr
                0x0000b618       0x20 contiki-srf06-cc26xx.a(packetbuf.o)
                0x0000b618                packetbuf_dataptr
 .text.packetbuf_hdrptr
                0x0000b638        0x8 contiki-srf06-cc26xx.a(packetbuf.o)
                0x0000b638                packetbuf_hdrptr
 .text.packetbuf_datalen
                0x0000b640        0xc contiki-srf06-cc26xx.a(packetbuf.o)
                0x0000b640                packetbuf_datalen
 .text.packetbuf_totlen
                0x0000b64c       0x24 contiki-srf06-cc26xx.a(packetbuf.o)
                0x0000b64c                packetbuf_totlen
 .text.packetbuf_attr_clear
                0x0000b670       0x34 contiki-srf06-cc26xx.a(packetbuf.o)
                0x0000b670                packetbuf_attr_clear
 .text.packetbuf_clear
                0x0000b6a4       0x20 contiki-srf06-cc26xx.a(packetbuf.o)
                0x0000b6a4                packetbuf_clear
 .text.packetbuf_copyfrom
                0x0000b6c4       0x40 contiki-srf06-cc26xx.a(packetbuf.o)
                0x0000b6c4                packetbuf_copyfrom
 .text.packetbuf_attr_copyto
                0x0000b704       0x44 contiki-srf06-cc26xx.a(packetbuf.o)
                0x0000b704                packetbuf_attr_copyto
 .text.packetbuf_attr_copyfrom
                0x0000b748       0x44 contiki-srf06-cc26xx.a(packetbuf.o)
                0x0000b748                packetbuf_attr_copyfrom
 .text.packetbuf_set_attr
                0x0000b78c       0x10 contiki-srf06-cc26xx.a(packetbuf.o)
                0x0000b78c                packetbuf_set_attr
 .text.packetbuf_attr
                0x0000b79c        0xc contiki-srf06-cc26xx.a(packetbuf.o)
                0x0000b79c                packetbuf_attr
 .text.packetbuf_set_addr
                0x0000b7a8       0x18 contiki-srf06-cc26xx.a(packetbuf.o)
                0x0000b7a8                packetbuf_set_addr
 .text.packetbuf_addr
                0x0000b7c0       0x10 contiki-srf06-cc26xx.a(packetbuf.o)
                0x0000b7c0                packetbuf_addr
 .text.packetbuf_holds_broadcast
                0x0000b7d0       0x10 contiki-srf06-cc26xx.a(packetbuf.o)
                0x0000b7d0                packetbuf_holds_broadcast
 .text.queuebuf_init
                0x0000b7e0       0x1c contiki-srf06-cc26xx.a(queuebuf.o)
                0x0000b7e0                queuebuf_init
 .text.queuebuf_numfree
                0x0000b7fc        0xc contiki-srf06-cc26xx.a(queuebuf.o)
                0x0000b7fc                queuebuf_numfree
 .text.queuebuf_new_from_packetbuf
                0x0000b808       0x48 contiki-srf06-cc26xx.a(queuebuf.o)
                0x0000b808                queuebuf_new_from_packetbuf
 .text.queuebuf_update_attr_from_packetbuf
                0x0000b850        0xc contiki-srf06-cc26xx.a(queuebuf.o)
                0x0000b850                queuebuf_update_attr_from_packetbuf
 .text.queuebuf_update_from_packetbuf
                0x0000b85c       0x1c contiki-srf06-cc26xx.a(queuebuf.o)
                0x0000b85c                queuebuf_update_from_packetbuf
 .text.queuebuf_free
                0x0000b878       0x2c contiki-srf06-cc26xx.a(queuebuf.o)
                0x0000b878                queuebuf_free
 .text.queuebuf_to_packetbuf
                0x0000b8a4       0x30 contiki-srf06-cc26xx.a(queuebuf.o)
                0x0000b8a4                queuebuf_to_packetbuf
 .text.queuebuf_attr
                0x0000b8d4        0xc contiki-srf06-cc26xx.a(queuebuf.o)
                0x0000b8d4                queuebuf_attr
 .text.input_packet
                0x0000b8e0        0xc contiki-srf06-cc26xx.a(csma.o)
 .text.on       0x0000b8ec        0xc contiki-srf06-cc26xx.a(csma.o)
 .text.off      0x0000b8f8        0xc contiki-srf06-cc26xx.a(csma.o)
 .text.channel_check_interval
                0x0000b904       0x10 contiki-srf06-cc26xx.a(csma.o)
 .text.transmit_packet_list
                0x0000b914       0x34 contiki-srf06-cc26xx.a(csma.o)
 .text.schedule_transmission
                0x0000b948       0x58 contiki-srf06-cc26xx.a(csma.o)
 .text.send_packet
                0x0000b9a0      0x154 contiki-srf06-cc26xx.a(csma.o)
 .text.init     0x0000baf4       0x24 contiki-srf06-cc26xx.a(csma.o)
 .text.tx_done  0x0000bb18       0x90 contiki-srf06-cc26xx.a(csma.o)
 .text.packet_sent
                0x0000bba8       0xe8 contiki-srf06-cc26xx.a(csma.o)
 .text.parse    0x0000bc90       0xa0 contiki-srf06-cc26xx.a(framer-802154.o)
 .text.create_frame.isra.0
                0x0000bd30      0x144 contiki-srf06-cc26xx.a(framer-802154.o)
 .text.create   0x0000be74        0x8 contiki-srf06-cc26xx.a(framer-802154.o)
 .text.hdr_length
                0x0000be7c        0x8 contiki-srf06-cc26xx.a(framer-802154.o)
 .text.mac_call_sent_callback
                0x0000be84       0x18 contiki-srf06-cc26xx.a(mac.o)
                0x0000be84                mac_call_sent_callback
 .text.duty_cycle
                0x0000be9c        0x4 contiki-srf06-cc26xx.a(contikimac.o)
 .text.init     0x0000bea0       0x40 contiki-srf06-cc26xx.a(contikimac.o)
 .text.on.part.0
                0x0000bee0       0x14 contiki-srf06-cc26xx.a(contikimac.o)
 .text.off      0x0000bef4       0x38 contiki-srf06-cc26xx.a(contikimac.o)
 .text.recv_burst_off
                0x0000bf2c       0x14 contiki-srf06-cc26xx.a(contikimac.o)
 .text.input_packet
                0x0000bf40      0x13c contiki-srf06-cc26xx.a(contikimac.o)
 .text.powercycle_turn_radio_off.part.2
                0x0000c07c       0x10 contiki-srf06-cc26xx.a(contikimac.o)
 .text.turn_off
                0x0000c08c       0x44 contiki-srf06-cc26xx.a(contikimac.o)
 .text.turn_on  0x0000c0d0       0x44 contiki-srf06-cc26xx.a(contikimac.o)
 .text.schedule_powercycle_fixed.part.5
                0x0000c114       0x2c contiki-srf06-cc26xx.a(contikimac.o)
 .text.send_packet.isra.7
                0x0000c140      0x23c contiki-srf06-cc26xx.a(contikimac.o)
 .text.qsend_list
                0x0000c37c       0xec contiki-srf06-cc26xx.a(contikimac.o)
 .text.qsend_packet
                0x0000c468       0x24 contiki-srf06-cc26xx.a(contikimac.o)
 .text.powercycle_wrapper
                0x0000c48c      0x264 contiki-srf06-cc26xx.a(contikimac.o)
 .text.init     0x0000c6f0        0x4 contiki-srf06-cc26xx.a(nullsec.o)
 .text.input    0x0000c6f4        0xc contiki-srf06-cc26xx.a(nullsec.o)
 .text.send     0x0000c700       0x20 contiki-srf06-cc26xx.a(nullsec.o)
 .text.shutdown_handler
                0x0000c720       0x10 contiki-srf06-cc26xx.a(rf-switch.o)
 .text.rf_switch_init
                0x0000c730       0x38 contiki-srf06-cc26xx.a(rf-switch.o)
                0x0000c730                rf_switch_init
 .text.rf_switch_power_up
                0x0000c768       0x10 contiki-srf06-cc26xx.a(rf-switch.o)
                0x0000c768                rf_switch_power_up
 .text.rf_switch_power_down
                0x0000c778       0x10 contiki-srf06-cc26xx.a(rf-switch.o)
                0x0000c778                rf_switch_power_down
 .text.rf_switch_select_path
                0x0000c788        0xc contiki-srf06-cc26xx.a(rf-switch.o)
                0x0000c788                rf_switch_select_path
 .text.aux_ctrl_power_up
                0x0000c794       0x28 contiki-srf06-cc26xx.a(aux-ctrl.o)
                0x0000c794                aux_ctrl_power_up
 .text.aux_ctrl_register_consumer
                0x0000c7bc       0x40 contiki-srf06-cc26xx.a(aux-ctrl.o)
                0x0000c7bc                aux_ctrl_register_consumer
 .text.aux_ctrl_power_down
                0x0000c7fc       0x6c contiki-srf06-cc26xx.a(aux-ctrl.o)
                0x0000c7fc                aux_ctrl_power_down
 .text.aux_ctrl_unregister_consumer
                0x0000c868       0x28 contiki-srf06-cc26xx.a(aux-ctrl.o)
                0x0000c868                aux_ctrl_unregister_consumer
 .text.stimer_set
                0x0000c890       0x10 contiki-srf06-cc26xx.a(stimer.o)
                0x0000c890                stimer_set
 .text.stimer_expired
                0x0000c8a0       0x20 contiki-srf06-cc26xx.a(stimer.o)
                0x0000c8a0                stimer_expired
 .text.memb_init
                0x0000c8c0       0x24 contiki-srf06-cc26xx.a(memb.o)
                0x0000c8c0                memb_init
 .text.memb_alloc
                0x0000c8e4       0x3c contiki-srf06-cc26xx.a(memb.o)
                0x0000c8e4                memb_alloc
 .text.memb_free
                0x0000c920       0x3c contiki-srf06-cc26xx.a(memb.o)
                0x0000c920                memb_free
 .text.memb_inmemb
                0x0000c95c       0x1c contiki-srf06-cc26xx.a(memb.o)
                0x0000c95c                memb_inmemb
 .text.memb_numfree
                0x0000c978       0x1c contiki-srf06-cc26xx.a(memb.o)
                0x0000c978                memb_numfree
 .text.update_nbr
                0x0000c994      0x110 contiki-srf06-cc26xx.a(rpl-nbr-policy.)
 .text.handle_periodic_timer
                0x0000caa4       0x14 contiki-srf06-cc26xx.a(rpl-nbr-policy.)
 .text.find_removable_dio
                0x0000cab8       0x40 contiki-srf06-cc26xx.a(rpl-nbr-policy.)
                0x0000cab8                find_removable_dio
 .text.rpl_nbr_policy_find_removable
                0x0000caf8       0x64 contiki-srf06-cc26xx.a(rpl-nbr-policy.)
                0x0000caf8                rpl_nbr_policy_find_removable
 .text.NOROM_AONBatMonTemperatureGetDegC
                0x0000cb5c       0x30 contiki-srf06-cc26xx.a(aon_batmon.o)
                0x0000cb5c                NOROM_AONBatMonTemperatureGetDegC
 .text.NOROM_DDI32RegWrite
                0x0000cb8c       0x34 contiki-srf06-cc26xx.a(ddi.o)
                0x0000cb8c                NOROM_DDI32RegWrite
 .text.frame802154_get_pan_id
                0x0000cbc0        0xc contiki-srf06-cc26xx.a(frame802154.o)
                0x0000cbc0                frame802154_get_pan_id
 .text.frame802154_has_panid
                0x0000cbcc       0xac contiki-srf06-cc26xx.a(frame802154.o)
                0x0000cbcc                frame802154_has_panid
 .text.field_len
                0x0000cc78       0x88 contiki-srf06-cc26xx.a(frame802154.o)
 .text.frame802154_is_broadcast_addr
                0x0000cd00       0x20 contiki-srf06-cc26xx.a(frame802154.o)
                0x0000cd00                frame802154_is_broadcast_addr
 .text.frame802154_hdrlen
                0x0000cd20       0x34 contiki-srf06-cc26xx.a(frame802154.o)
                0x0000cd20                frame802154_hdrlen
 .text.frame802154_create_fcf
                0x0000cd54       0x64 contiki-srf06-cc26xx.a(frame802154.o)
                0x0000cd54                frame802154_create_fcf
 .text.frame802154_create
                0x0000cdb8       0xbc contiki-srf06-cc26xx.a(frame802154.o)
                0x0000cdb8                frame802154_create
 .text.frame802154_parse_fcf
                0x0000ce74       0x44 contiki-srf06-cc26xx.a(frame802154.o)
                0x0000ce74                frame802154_parse_fcf
 .text.frame802154_parse
                0x0000ceb8      0x138 contiki-srf06-cc26xx.a(frame802154.o)
                0x0000ceb8                frame802154_parse
 .text.mac_sequence_is_duplicate
                0x0000cff0       0x4c contiki-srf06-cc26xx.a(mac-sequence.o)
                0x0000cff0                mac_sequence_is_duplicate
 .text.mac_sequence_register_seqno
                0x0000d03c       0x74 contiki-srf06-cc26xx.a(mac-sequence.o)
                0x0000d03c                mac_sequence_register_seqno
 .text          0x0000d0b0       0x30 /opt/gcc-arm-none-eabi-5_2-2015q4/bin/../lib/gcc/arm-none-eabi/5.2.1/armv7-m/libgcc.a(_aeabi_uldivmod.o)
                0x0000d0b0                __aeabi_uldivmod
 .text          0x0000d0e0      0x2ec /opt/gcc-arm-none-eabi-5_2-2015q4/bin/../lib/gcc/arm-none-eabi/5.2.1/armv7-m/libgcc.a(_udivmoddi4.o)
                0x0000d0e0                __udivmoddi4
 .text          0x0000d3cc        0x4 /opt/gcc-arm-none-eabi-5_2-2015q4/bin/../lib/gcc/arm-none-eabi/5.2.1/armv7-m/libgcc.a(_dvmd_tls.o)
                0x0000d3cc                __aeabi_ldiv0
                0x0000d3cc                __aeabi_idiv0
 .text.memcmp   0x0000d3d0       0x64 /opt/gcc-arm-none-eabi-5_2-2015q4/bin/../lib/gcc/arm-none-eabi/5.2.1/../../../../arm-none-eabi/lib/armv7-m/libc.a(lib_a-memcmp.o)
                0x0000d3d0                memcmp
 .text          0x0000d434       0xec /opt/gcc-arm-none-eabi-5_2-2015q4/bin/../lib/gcc/arm-none-eabi/5.2.1/../../../../arm-none-eabi/lib/armv7-m/libc.a(lib_a-memcpy.o)
                0x0000d434                memcpy
 .text.memmove  0x0000d520       0xc8 /opt/gcc-arm-none-eabi-5_2-2015q4/bin/../lib/gcc/arm-none-eabi/5.2.1/../../../../arm-none-eabi/lib/armv7-m/libc.a(lib_a-memmove.o)
                0x0000d520                memmove
 .text.memset   0x0000d5e8       0x9c /opt/gcc-arm-none-eabi-5_2-2015q4/bin/../lib/gcc/arm-none-eabi/5.2.1/../../../../arm-none-eabi/lib/armv7-m/libc.a(lib_a-memset.o)
                0x0000d5e8                memset
 .text.strlen   0x0000d684       0x5c /opt/gcc-arm-none-eabi-5_2-2015q4/bin/../lib/gcc/arm-none-eabi/5.2.1/../../../../arm-none-eabi/lib/armv7-m/libc.a(lib_a-strlen-stub.o)
                0x0000d684                strlen
 *(SORT(.rodata*))
 .rodata.autostart_processes
                0x0000d6e0        0x8 hello_world_blinkled.co
                0x0000d6e0                autostart_processes
 .rodata.str1.4
                0x0000d6e8       0x30 hello_world_blinkled.co
 .rodata.str1.4
                0x0000d718       0xe2 contiki-srf06-cc26xx.a(contiki-main.o)
 *fill*         0x0000d7fa        0x2 00000000
 .rodata.str1.4
                0x0000d7fc        0x8 contiki-srf06-cc26xx.a(sensors.o)
 .rodata        0x0000d804       0x3c contiki-srf06-cc26xx.a(board.o)
 .rodata.str1.4
                0x0000d840        0x7 contiki-srf06-cc26xx.a(button-sensor.o)
 *fill*         0x0000d847        0x1 00000000
 .rodata.button_left_sensor
                0x0000d848       0x10 contiki-srf06-cc26xx.a(button-sensor.o)
                0x0000d848                button_left_sensor
 .rodata.button_right_sensor
                0x0000d858       0x10 contiki-srf06-cc26xx.a(button-sensor.o)
                0x0000d858                button_right_sensor
 .rodata        0x0000d868        0x4 contiki-srf06-cc26xx.a(ext-flash.o)
 .rodata.mode_prop
                0x0000d86c        0x8 contiki-srf06-cc26xx.a(prop-mode.o)
 .rodata.prop_mode_driver
                0x0000d874       0x38 contiki-srf06-cc26xx.a(prop-mode.o)
                0x0000d874                prop_mode_driver
 .rodata.patchGenfskRfe
                0x0000d8ac      0x6b4 contiki-srf06-cc26xx.a(prop-mode.o)
 .rodata.patchImageGenfsk
                0x0000df60      0x28c contiki-srf06-cc26xx.a(prop-mode.o)
 .rodata.str1.4
                0x0000e1ec       0x46 contiki-srf06-cc26xx.a(rf-core.o)
 *fill*         0x0000e232        0x2 00000000
 .rodata.str1.4
                0x0000e234       0x1b contiki-srf06-cc26xx.a(soc-trng.o)
 *fill*         0x0000e24f        0x1 00000000
 .rodata.buffer.4106
                0x0000e250       0x10 contiki-srf06-cc26xx.a(strformat.o)
 .rodata.buffer.4115
                0x0000e260       0x10 contiki-srf06-cc26xx.a(strformat.o)
 .rodata.str1.4
                0x0000e270       0x46 contiki-srf06-cc26xx.a(strformat.o)
 *fill*         0x0000e2b6        0x2 00000000
 .rodata.str1.4
                0x0000e2b8        0xf contiki-srf06-cc26xx.a(ctimer.o)
 *fill*         0x0000e2c7        0x1 00000000
 .rodata.str1.4
                0x0000e2c8        0xc contiki-srf06-cc26xx.a(etimer.o)
 .rodata.str1.4
                0x0000e2d4        0xe contiki-srf06-cc26xx.a(serial-line.o)
 *fill*         0x0000e2e2        0x2 00000000
 .rodata        0x0000e2e4        0x2 contiki-srf06-cc26xx.a(sicslowpan.o)
 *fill*         0x0000e2e6        0x2 00000000
 .rodata.ttl_values
                0x0000e2e8        0x4 contiki-srf06-cc26xx.a(sicslowpan.o)
 .rodata.unc_llconf
                0x0000e2ec        0x4 contiki-srf06-cc26xx.a(sicslowpan.o)
                0x0000e2ec                unc_llconf
 .rodata.llprefix
                0x0000e2f0        0x2 contiki-srf06-cc26xx.a(sicslowpan.o)
                0x0000e2f0                llprefix
 *fill*         0x0000e2f2        0x2 00000000
 .rodata.sicslowpan_driver
                0x0000e2f4        0xc contiki-srf06-cc26xx.a(sicslowpan.o)
                0x0000e2f4                sicslowpan_driver
 .rodata.unc_mxconf
                0x0000e300        0x4 contiki-srf06-cc26xx.a(sicslowpan.o)
                0x0000e300                unc_mxconf
 .rodata.unc_ctxconf
                0x0000e304        0x4 contiki-srf06-cc26xx.a(sicslowpan.o)
                0x0000e304                unc_ctxconf
 .rodata.str1.4
                0x0000e308        0xb contiki-srf06-cc26xx.a(sicslowpan.o)
 *fill*         0x0000e313        0x1 00000000
 .rodata.str1.4
                0x0000e314        0xd contiki-srf06-cc26xx.a(tcpip.o)
 *fill*         0x0000e321        0x3 00000000
 .rodata.str1.4
                0x0000e324       0x2b contiki-srf06-cc26xx.a(uip-debug.o)
 *fill*         0x0000e34f        0x1 00000000
 .rodata.linkaddr_null
                0x0000e350        0x8 contiki-srf06-cc26xx.a(linkaddr.o)
                0x0000e350                linkaddr_null
 .rodata.csma_driver
                0x0000e358       0x1c contiki-srf06-cc26xx.a(csma.o)
                0x0000e358                csma_driver
 .rodata.str1.4
                0x0000e374        0x5 contiki-srf06-cc26xx.a(csma.o)
 *fill*         0x0000e379        0x3 00000000
 .rodata.framer_802154
                0x0000e37c        0xc contiki-srf06-cc26xx.a(framer-802154.o)
                0x0000e37c                framer_802154
 .rodata.contikimac_driver
                0x0000e388       0x20 contiki-srf06-cc26xx.a(contikimac.o)
                0x0000e388                contikimac_driver
 .rodata.str1.4
                0x0000e3a8        0xb contiki-srf06-cc26xx.a(contikimac.o)
 *fill*         0x0000e3b3        0x1 00000000
 .rodata.str1.4
                0x0000e3b4        0x8 contiki-srf06-cc26xx.a(nullsec.o)
 .rodata.nullsec_driver
                0x0000e3bc       0x10 contiki-srf06-cc26xx.a(nullsec.o)
                0x0000e3bc                nullsec_driver
 .rodata.tx_power_driver_779_930
                0x0000e3cc       0x80 contiki-srf06-cc26xx.a(tx-power-driver)
                0x0000e3cc                tx_power_driver_779_930
                0x0000e44c                _etext = .

.glue_7         0x0000e44c        0x0
 .glue_7        0x0000e44c        0x0 linker stubs

.glue_7t        0x0000e44c        0x0
 .glue_7t       0x0000e44c        0x0 linker stubs

.vfp11_veneer   0x0000e44c        0x0
 .vfp11_veneer  0x0000e44c        0x0 linker stubs

.v4_bx          0x0000e44c        0x0
 .v4_bx         0x0000e44c        0x0 linker stubs

.iplt           0x0000e44c        0x0
 .iplt          0x0000e44c        0x0 obj_srf06-cc26xx/startup_gcc.o

.data           0x20000000      0x321 load address 0x0000e44c
                0x20000000                _data = .
 *(SORT(vtable))
 *(SORT(.data*))
 .data.hello_world_process
                0x20000000       0x10 hello_world_blinkled.co
                0x20000000                hello_world_process
 .data.sensors_process
                0x20000010       0x10 contiki-srf06-cc26xx.a(sensors.o)
                0x20000010                sensors_process
 .data.launchpad_module
                0x20000020       0x14 contiki-srf06-cc26xx.a(board.o)
 .data.sensors  0x20000034        0xc contiki-srf06-cc26xx.a(launchpad-senso)
                0x20000034                sensors
 .data.prop_lpm_module
                0x20000040       0x14 contiki-srf06-cc26xx.a(prop-mode.o)
 .data.tx_power_current
                0x20000054        0x4 contiki-srf06-cc26xx.a(prop-mode.o)
                0x20000054                tx_power_current
 .data.uart_module
                0x20000058       0x14 contiki-srf06-cc26xx.a(cc26xx-uart.o)
 .data.rf_core_process
                0x2000006c       0x10 contiki-srf06-cc26xx.a(rf-core.o)
                0x2000006c                rf_core_process
 .data.rng_module
                0x2000007c       0x14 contiki-srf06-cc26xx.a(soc-trng.o)
 .data.soc_trng_process
                0x20000090       0x10 contiki-srf06-cc26xx.a(soc-trng.o)
                0x20000090                soc_trng_process
 .data.ctxt     0x200000a0        0x8 contiki-srf06-cc26xx.a(dbg-printf.o)
 .data.ctimer_process
                0x200000a8       0x10 contiki-srf06-cc26xx.a(ctimer.o)
                0x200000a8                ctimer_process
 .data.etimer_process
                0x200000b8       0x10 contiki-srf06-cc26xx.a(etimer.o)
                0x200000b8                etimer_process
 .data.serial_line_process
                0x200000c8       0x10 contiki-srf06-cc26xx.a(serial-line.o)
                0x200000c8                serial_line_process
 .data.ds6_neighbors
                0x200000d8        0x4 contiki-srf06-cc26xx.a(uip-ds6-nbr.o)
                0x200000d8                ds6_neighbors
 .data.ds6_neighbors_struct
                0x200000dc       0x10 contiki-srf06-cc26xx.a(uip-ds6-nbr.o)
 .data.defaultroutermemb
                0x200000ec        0xc contiki-srf06-cc26xx.a(uip-ds6-route.o)
 .data.nbr_routes_struct
                0x200000f8       0x10 contiki-srf06-cc26xx.a(uip-ds6-route.o)
 .data.nbr_routes
                0x20000108        0x4 contiki-srf06-cc26xx.a(uip-ds6-route.o)
                0x20000108                nbr_routes
 .data.routememb
                0x2000010c        0xc contiki-srf06-cc26xx.a(uip-ds6-route.o)
 .data.neighborroutememb
                0x20000118        0xc contiki-srf06-cc26xx.a(uip-ds6-route.o)
 .data.echo_request_handler
                0x20000124        0xc contiki-srf06-cc26xx.a(uip-icmp6.o)
 .data.echo_reply_handler
                0x20000130        0xc contiki-srf06-cc26xx.a(uip-icmp6.o)
 .data.ns_input_handler
                0x2000013c        0xc contiki-srf06-cc26xx.a(uip-nd6.o)
 .data.tcpip_process
                0x20000148       0x10 contiki-srf06-cc26xx.a(tcpip.o)
                0x20000148                tcpip_process
 .data.rpl_parents
                0x20000158        0x4 contiki-srf06-cc26xx.a(rpl-dag.o)
                0x20000158                rpl_parents
 .data.rpl_parents_struct
                0x2000015c       0x10 contiki-srf06-cc26xx.a(rpl-dag.o)
 .data.dao_ack_handler
                0x2000016c        0xc contiki-srf06-cc26xx.a(rpl-icmp6.o)
 .data.dis_handler
                0x20000178        0xc contiki-srf06-cc26xx.a(rpl-icmp6.o)
 .data.dao_handler
                0x20000184        0xc contiki-srf06-cc26xx.a(rpl-icmp6.o)
 .data.dio_handler
                0x20000190        0xc contiki-srf06-cc26xx.a(rpl-icmp6.o)
 .data.rpl_mrhof
                0x2000019c       0x24 contiki-srf06-cc26xx.a(rpl-mrhof.o)
                0x2000019c                rpl_mrhof
 .data.link_stats_struct
                0x200001c0       0x10 contiki-srf06-cc26xx.a(link-stats.o)
 .data.neighbor_addr_mem
                0x200001d0        0xc contiki-srf06-cc26xx.a(nbr-table.o)
 .data.bufmem   0x200001dc        0xc contiki-srf06-cc26xx.a(queuebuf.o)
 .data.buframmem
                0x200001e8        0xc contiki-srf06-cc26xx.a(queuebuf.o)
 .data.packet_memb
                0x200001f4        0xc contiki-srf06-cc26xx.a(csma.o)
 .data.metadata_memb
                0x20000200        0xc contiki-srf06-cc26xx.a(csma.o)
 .data.neighbor_memb
                0x2000020c        0xc contiki-srf06-cc26xx.a(csma.o)
 .data.rf_switch_module
                0x20000218       0x14 contiki-srf06-cc26xx.a(rf-switch.o)
 .data.smartrf_settings_cmd_prop_rx_adv
                0x2000022c       0x30 contiki-srf06-cc26xx.a(smartrf-setting)
                0x2000022c                smartrf_settings_cmd_prop_rx_adv
 .data.smartrf_settings_cmd_fs
                0x2000025c       0x18 contiki-srf06-cc26xx.a(smartrf-setting)
                0x2000025c                smartrf_settings_cmd_fs
 .data.smartrf_settings_cmd_prop_radio_div_setup
                0x20000274       0x28 contiki-srf06-cc26xx.a(smartrf-setting)
                0x20000274                smartrf_settings_cmd_prop_radio_div_setup
 .data.smartrf_settings_cmd_prop_tx_adv
                0x2000029c       0x20 contiki-srf06-cc26xx.a(smartrf-setting)
                0x2000029c                smartrf_settings_cmd_prop_tx_adv
 .data.overrides
                0x200002bc       0x60 contiki-srf06-cc26xx.a(smartrf-setting)
 .data.mac_pan_id
                0x2000031c        0x2 contiki-srf06-cc26xx.a(frame802154.o)
 .data.rssi_threshold
                0x2000031e        0x1 contiki-srf06-cc26xx.a(prop-mode.o)
 .data.rng_ready_event
                0x2000031f        0x1 contiki-srf06-cc26xx.a(soc-trng.o)
 .data.dao_sequence
                0x20000320        0x1 contiki-srf06-cc26xx.a(rpl-icmp6.o)
                0x20000321                _edata = .

.igot.plt       0x20000324        0x0 load address 0x0000e76d
 .igot.plt      0x20000324        0x0 obj_srf06-cc26xx/startup_gcc.o

.ARM.exidx      0x0000e770        0x8
 *(SORT(.ARM.exidx*))
 .ARM.exidx     0x0000e770        0x8 /opt/gcc-arm-none-eabi-5_2-2015q4/bin/../lib/gcc/arm-none-eabi/5.2.1/armv7-m/libgcc.a(_udivmoddi4.o)

.bss            0x20000328     0x2b6e
                0x20000328                _bss = .
 *(SORT(.bss*))
 .bss.count     0x20000328        0x8 contiki-srf06-cc26xx.a(clock.o)
 .bss.rands_cache
                0x20000330       0x20 contiki-srf06-cc26xx.a(soc-trng.o)
 .bss.et_led    0x20000350       0x10 hello_world_blinkled.co
 .bss.i.4934    0x20000360        0x4 contiki-srf06-cc26xx.a(sensors.o)
 .bss.events.4935
                0x20000364        0x4 contiki-srf06-cc26xx.a(sensors.o)
 .bss.inited    0x20000368        0x4 contiki-srf06-cc26xx.a(leds-arch.o)
 .bss.left_timer
                0x2000036c       0x10 contiki-srf06-cc26xx.a(button-sensor.o)
 .bss.rx_stats  0x2000037c        0xc contiki-srf06-cc26xx.a(prop-mode.o)
 .bss.rx_data_queue
                0x20000388        0x8 contiki-srf06-cc26xx.a(prop-mode.o)
 .bss.rx_read_entry
                0x20000390        0x4 contiki-srf06-cc26xx.a(prop-mode.o)
 .bss.tx_buf    0x20000394       0xb6 contiki-srf06-cc26xx.a(prop-mode.o)
 *fill*         0x2000044a        0x2 
 .bss.rx_buf    0x2000044c      0x230 contiki-srf06-cc26xx.a(prop-mode.o)
 .bss.last_isr_time
                0x2000067c        0x4 contiki-srf06-cc26xx.a(soc-rtc.o)
 .bss.input_handler
                0x20000680        0x4 contiki-srf06-cc26xx.a(cc26xx-uart.o)
 .bss.modules_list_list
                0x20000684        0x4 contiki-srf06-cc26xx.a(lpm.o)
 .bss.handlers  0x20000688       0x80 contiki-srf06-cc26xx.a(gpio-interrupt.)
 .bss.last_radio_op
                0x20000708        0x4 contiki-srf06-cc26xx.a(rf-core.o)
 .bss.primary_mode
                0x2000070c        0x4 contiki-srf06-cc26xx.a(rf-core.o)
 .bss.rat_offset
                0x20000710        0x4 contiki-srf06-cc26xx.a(rf-core.o)
                0x20000710                rat_offset
 .bss.notify_cb
                0x20000714        0x4 contiki-srf06-cc26xx.a(soc-trng.o)
 .bss.rands_mask
                0x20000718        0x4 contiki-srf06-cc26xx.a(soc-trng.o)
 .bss.ctimer_list_list
                0x2000071c        0x4 contiki-srf06-cc26xx.a(ctimer.o)
 .bss.timerlist
                0x20000720        0x4 contiki-srf06-cc26xx.a(etimer.o)
 .bss.next_expiration
                0x20000724        0x4 contiki-srf06-cc26xx.a(etimer.o)
 .bss.process_current
                0x20000728        0x4 contiki-srf06-cc26xx.a(process.o)
                0x20000728                process_current
 .bss.process_list
                0x2000072c        0x4 contiki-srf06-cc26xx.a(process.o)
                0x2000072c                process_list
 .bss.events    0x20000730      0x180 contiki-srf06-cc26xx.a(process.o)
 .bss.next_rtimer
                0x200008b0        0x4 contiki-srf06-cc26xx.a(rtimer.o)
 .bss.rxbuf_data
                0x200008b4       0x80 contiki-srf06-cc26xx.a(serial-line.o)
 .bss.buf.4918  0x20000934       0x80 contiki-srf06-cc26xx.a(serial-line.o)
 .bss.ptr.4919  0x200009b4        0x4 contiki-srf06-cc26xx.a(serial-line.o)
 .bss.rxbuf     0x200009b8        0x8 contiki-srf06-cc26xx.a(serial-line.o)
 .bss.context   0x200009c0        0x4 contiki-srf06-cc26xx.a(sicslowpan.o)
 .bss.last_rssi
                0x200009c4        0x4 contiki-srf06-cc26xx.a(sicslowpan.o)
 .bss.hc06_ptr  0x200009c8        0x4 contiki-srf06-cc26xx.a(sicslowpan.o)
 .bss.frag_info
                0x200009cc      0x170 contiki-srf06-cc26xx.a(sicslowpan.o)
 .bss.addr_contexts
                0x20000b3c        0xa contiki-srf06-cc26xx.a(sicslowpan.o)
 *fill*         0x20000b46        0x2 
 .bss.packetbuf_ptr
                0x20000b48        0x4 contiki-srf06-cc26xx.a(sicslowpan.o)
 .bss.last_tx_status
                0x20000b4c        0x4 contiki-srf06-cc26xx.a(sicslowpan.o)
 .bss.frag_buf  0x20000b50      0x54c contiki-srf06-cc26xx.a(sicslowpan.o)
 .bss.packetbuf_payload_len
                0x2000109c        0x4 contiki-srf06-cc26xx.a(sicslowpan.o)
 .bss.callback  0x200010a0        0x4 contiki-srf06-cc26xx.a(sicslowpan.o)
 .bss.iss       0x200010a4        0x4 contiki-srf06-cc26xx.a(uip6.o)
 .bss.locmaddr  0x200010a8        0x4 contiki-srf06-cc26xx.a(uip-ds6.o)
 .bss.locprefix
                0x200010ac        0x4 contiki-srf06-cc26xx.a(uip-ds6.o)
 .bss.locaddr   0x200010b0        0x4 contiki-srf06-cc26xx.a(uip-ds6.o)
 .bss.loc_fipaddr
                0x200010b4       0x10 contiki-srf06-cc26xx.a(uip-ds6.o)
 .bss._ds6_neighbors_mem
                0x200010c4      0x168 contiki-srf06-cc26xx.a(uip-ds6-nbr.o)
 .bss.defaultroutermemb_memb_mem
                0x2000122c       0x40 contiki-srf06-cc26xx.a(uip-ds6-route.o)
 .bss.num_routes
                0x2000126c        0x4 contiki-srf06-cc26xx.a(uip-ds6-route.o)
 .bss.defaultroutermemb_memb_count
                0x20001270        0x2 contiki-srf06-cc26xx.a(uip-ds6-route.o)
 *fill*         0x20001272        0x2 
 .bss.defaultrouterlist_list
                0x20001274        0x4 contiki-srf06-cc26xx.a(uip-ds6-route.o)
 .bss._nbr_routes_mem
                0x20001278       0xa0 contiki-srf06-cc26xx.a(uip-ds6-route.o)
 .bss.routelist_list
                0x20001318        0x4 contiki-srf06-cc26xx.a(uip-ds6-route.o)
 .bss.routememb_memb_mem
                0x2000131c      0x320 contiki-srf06-cc26xx.a(uip-ds6-route.o)
 .bss.neighborroutememb_memb_mem
                0x2000163c       0xa0 contiki-srf06-cc26xx.a(uip-ds6-route.o)
 .bss.notificationlist_list
                0x200016dc        0x4 contiki-srf06-cc26xx.a(uip-ds6-route.o)
 .bss.neighborroutememb_memb_count
                0x200016e0       0x14 contiki-srf06-cc26xx.a(uip-ds6-route.o)
 .bss.routememb_memb_count
                0x200016f4       0x14 contiki-srf06-cc26xx.a(uip-ds6-route.o)
 .bss.tmp_ipaddr
                0x20001708       0x10 contiki-srf06-cc26xx.a(uip-icmp6.o)
 .bss.echo_reply_callback_list_list
                0x20001718        0x4 contiki-srf06-cc26xx.a(uip-icmp6.o)
 .bss.input_handler_list_list
                0x2000171c        0x4 contiki-srf06-cc26xx.a(uip-icmp6.o)
 .bss.nbr       0x20001720        0x4 contiki-srf06-cc26xx.a(uip-nd6.o)
 .bss.nd6_opt_llao
                0x20001724        0x4 contiki-srf06-cc26xx.a(uip-nd6.o)
 .bss.addr      0x20001728        0x4 contiki-srf06-cc26xx.a(uip-nd6.o)
 .bss.s         0x2000172c       0xa4 contiki-srf06-cc26xx.a(tcpip.o)
 .bss.periodic  0x200017d0       0x10 contiki-srf06-cc26xx.a(tcpip.o)
 .bss.outputfunc
                0x200017e0        0x4 contiki-srf06-cc26xx.a(tcpip.o)
 .bss._rpl_parents_mem
                0x200017e4       0xa0 contiki-srf06-cc26xx.a(rpl-dag.o)
 .bss.periodic_timer
                0x20001884       0x20 contiki-srf06-cc26xx.a(rpl-timers.o)
 .bss.powerQualGlobals
                0x200018a4        0x8 contiki-srf06-cc26xx.a(sys_ctrl.o)
 .bss._link_stats_mem
                0x200018ac       0xf0 contiki-srf06-cc26xx.a(link-stats.o)
 .bss.neighbor_addr_mem_memb_count
                0x2000199c       0x14 contiki-srf06-cc26xx.a(nbr-table.o)
 .bss.locked_map
                0x200019b0       0x14 contiki-srf06-cc26xx.a(nbr-table.o)
 .bss.nbr_table_keys_list
                0x200019c4        0x4 contiki-srf06-cc26xx.a(nbr-table.o)
 .bss.neighbor_addr_mem_memb_mem
                0x200019c8       0xf0 contiki-srf06-cc26xx.a(nbr-table.o)
 .bss.used_map  0x20001ab8       0x14 contiki-srf06-cc26xx.a(nbr-table.o)
 .bss.all_tables
                0x20001acc       0x20 contiki-srf06-cc26xx.a(nbr-table.o)
 .bss.num_tables
                0x20001aec        0x4 contiki-srf06-cc26xx.a(nbr-table.o)
 .bss.packetbuf_aligned
                0x20001af0       0x80 contiki-srf06-cc26xx.a(packetbuf.o)
 .bss.buframmem_memb_count
                0x20001b70        0x8 contiki-srf06-cc26xx.a(queuebuf.o)
 .bss.bufmem_memb_mem
                0x20001b78       0x20 contiki-srf06-cc26xx.a(queuebuf.o)
 .bss.buframmem_memb_mem
                0x20001b98      0x580 contiki-srf06-cc26xx.a(queuebuf.o)
 .bss.bufmem_memb_count
                0x20002118        0x8 contiki-srf06-cc26xx.a(queuebuf.o)
 .bss.metadata_memb_memb_count
                0x20002120        0x8 contiki-srf06-cc26xx.a(csma.o)
 .bss.packet_memb_memb_count
                0x20002128        0x8 contiki-srf06-cc26xx.a(csma.o)
 .bss.packet_memb_memb_mem
                0x20002130       0x60 contiki-srf06-cc26xx.a(csma.o)
 .bss.metadata_memb_memb_mem
                0x20002190       0x60 contiki-srf06-cc26xx.a(csma.o)
 .bss.neighbor_list_list
                0x200021f0        0x4 contiki-srf06-cc26xx.a(csma.o)
 .bss.neighbor_memb_memb_count
                0x200021f4        0x2 contiki-srf06-cc26xx.a(csma.o)
 *fill*         0x200021f6        0x2 
 .bss.neighbor_memb_memb_mem
                0x200021f8       0x70 contiki-srf06-cc26xx.a(csma.o)
 .bss.cycle_start
                0x20002268        0x4 contiki-srf06-cc26xx.a(contikimac.o)
 .bss.we_are_receiving_burst
                0x2000226c        0x4 contiki-srf06-cc26xx.a(contikimac.o)
 .bss.rt        0x20002270        0xc contiki-srf06-cc26xx.a(contikimac.o)
 .bss.ct.7193   0x2000227c       0x20 contiki-srf06-cc26xx.a(contikimac.o)
 .bss.pt        0x2000229c        0x2 contiki-srf06-cc26xx.a(contikimac.o)
 *fill*         0x2000229e        0x2 
 .bss.start.7118
                0x200022a0        0x4 contiki-srf06-cc26xx.a(contikimac.o)
 .bss.consumers_list_list
                0x200022a4        0x4 contiki-srf06-cc26xx.a(aux-ctrl.o)
 .bss.periodic_timer
                0x200022a8       0x20 contiki-srf06-cc26xx.a(rpl-nbr-policy.)
 .bss.timer_init
                0x200022c8        0x4 contiki-srf06-cc26xx.a(rpl-nbr-policy.)
 .bss.num_children
                0x200022cc        0x4 contiki-srf06-cc26xx.a(rpl-nbr-policy.)
 .bss.worst_rank_nbr
                0x200022d0        0x4 contiki-srf06-cc26xx.a(rpl-nbr-policy.)
 .bss.num_parents
                0x200022d4        0x4 contiki-srf06-cc26xx.a(rpl-nbr-policy.)
 .bss.received_seqnos
                0x200022d8      0x100 contiki-srf06-cc26xx.a(mac-sequence.o)
 .bss.node_id   0x200023d8        0x2 contiki-srf06-cc26xx.a(contiki-main.o)
                0x200023d8                node_id